Archive member included to satisfy reference by file (symbol)

c:/st/stm32cubeide_1.3.0/stm32cubeide/plugins/com.st.stm32cube.ide.mcu.externaltools.gnu-tools-for-stm32.7-2018-q2-update.win32_1.0.0.201904181610/tools/bin/../lib/gcc/arm-none-eabi/7.3.1/../../../../arm-none-eabi/lib/thumb/v6-m\libc_nano.a(lib_a-calloc.o)
                              Core/Src/controller.o (calloc)
c:/st/stm32cubeide_1.3.0/stm32cubeide/plugins/com.st.stm32cube.ide.mcu.externaltools.gnu-tools-for-stm32.7-2018-q2-update.win32_1.0.0.201904181610/tools/bin/../lib/gcc/arm-none-eabi/7.3.1/../../../../arm-none-eabi/lib/thumb/v6-m\libc_nano.a(lib_a-errno.o)
                              Core/Src/syscalls.o (__errno)
c:/st/stm32cubeide_1.3.0/stm32cubeide/plugins/com.st.stm32cube.ide.mcu.externaltools.gnu-tools-for-stm32.7-2018-q2-update.win32_1.0.0.201904181610/tools/bin/../lib/gcc/arm-none-eabi/7.3.1/../../../../arm-none-eabi/lib/thumb/v6-m\libc_nano.a(lib_a-exit.o)
                              c:/st/stm32cubeide_1.3.0/stm32cubeide/plugins/com.st.stm32cube.ide.mcu.externaltools.gnu-tools-for-stm32.7-2018-q2-update.win32_1.0.0.201904181610/tools/bin/../lib/gcc/arm-none-eabi/7.3.1/../../../../arm-none-eabi/lib/thumb/v6-m/crt0.o (exit)
c:/st/stm32cubeide_1.3.0/stm32cubeide/plugins/com.st.stm32cube.ide.mcu.externaltools.gnu-tools-for-stm32.7-2018-q2-update.win32_1.0.0.201904181610/tools/bin/../lib/gcc/arm-none-eabi/7.3.1/../../../../arm-none-eabi/lib/thumb/v6-m\libc_nano.a(lib_a-impure.o)
                              c:/st/stm32cubeide_1.3.0/stm32cubeide/plugins/com.st.stm32cube.ide.mcu.externaltools.gnu-tools-for-stm32.7-2018-q2-update.win32_1.0.0.201904181610/tools/bin/../lib/gcc/arm-none-eabi/7.3.1/../../../../arm-none-eabi/lib/thumb/v6-m\libc_nano.a(lib_a-exit.o) (_global_impure_ptr)
c:/st/stm32cubeide_1.3.0/stm32cubeide/plugins/com.st.stm32cube.ide.mcu.externaltools.gnu-tools-for-stm32.7-2018-q2-update.win32_1.0.0.201904181610/tools/bin/../lib/gcc/arm-none-eabi/7.3.1/../../../../arm-none-eabi/lib/thumb/v6-m\libc_nano.a(lib_a-init.o)
                              c:/st/stm32cubeide_1.3.0/stm32cubeide/plugins/com.st.stm32cube.ide.mcu.externaltools.gnu-tools-for-stm32.7-2018-q2-update.win32_1.0.0.201904181610/tools/bin/../lib/gcc/arm-none-eabi/7.3.1/../../../../arm-none-eabi/lib/thumb/v6-m/crt0.o (__libc_init_array)
c:/st/stm32cubeide_1.3.0/stm32cubeide/plugins/com.st.stm32cube.ide.mcu.externaltools.gnu-tools-for-stm32.7-2018-q2-update.win32_1.0.0.201904181610/tools/bin/../lib/gcc/arm-none-eabi/7.3.1/../../../../arm-none-eabi/lib/thumb/v6-m\libc_nano.a(lib_a-malloc.o)
                              Core/Src/controller.o (free)
c:/st/stm32cubeide_1.3.0/stm32cubeide/plugins/com.st.stm32cube.ide.mcu.externaltools.gnu-tools-for-stm32.7-2018-q2-update.win32_1.0.0.201904181610/tools/bin/../lib/gcc/arm-none-eabi/7.3.1/../../../../arm-none-eabi/lib/thumb/v6-m\libc_nano.a(lib_a-memset.o)
                              c:/st/stm32cubeide_1.3.0/stm32cubeide/plugins/com.st.stm32cube.ide.mcu.externaltools.gnu-tools-for-stm32.7-2018-q2-update.win32_1.0.0.201904181610/tools/bin/../lib/gcc/arm-none-eabi/7.3.1/../../../../arm-none-eabi/lib/thumb/v6-m/crt0.o (memset)
c:/st/stm32cubeide_1.3.0/stm32cubeide/plugins/com.st.stm32cube.ide.mcu.externaltools.gnu-tools-for-stm32.7-2018-q2-update.win32_1.0.0.201904181610/tools/bin/../lib/gcc/arm-none-eabi/7.3.1/../../../../arm-none-eabi/lib/thumb/v6-m\libc_nano.a(lib_a-nano-callocr.o)
                              c:/st/stm32cubeide_1.3.0/stm32cubeide/plugins/com.st.stm32cube.ide.mcu.externaltools.gnu-tools-for-stm32.7-2018-q2-update.win32_1.0.0.201904181610/tools/bin/../lib/gcc/arm-none-eabi/7.3.1/../../../../arm-none-eabi/lib/thumb/v6-m\libc_nano.a(lib_a-calloc.o) (_calloc_r)
c:/st/stm32cubeide_1.3.0/stm32cubeide/plugins/com.st.stm32cube.ide.mcu.externaltools.gnu-tools-for-stm32.7-2018-q2-update.win32_1.0.0.201904181610/tools/bin/../lib/gcc/arm-none-eabi/7.3.1/../../../../arm-none-eabi/lib/thumb/v6-m\libc_nano.a(lib_a-nano-freer.o)
                              c:/st/stm32cubeide_1.3.0/stm32cubeide/plugins/com.st.stm32cube.ide.mcu.externaltools.gnu-tools-for-stm32.7-2018-q2-update.win32_1.0.0.201904181610/tools/bin/../lib/gcc/arm-none-eabi/7.3.1/../../../../arm-none-eabi/lib/thumb/v6-m\libc_nano.a(lib_a-malloc.o) (_free_r)
c:/st/stm32cubeide_1.3.0/stm32cubeide/plugins/com.st.stm32cube.ide.mcu.externaltools.gnu-tools-for-stm32.7-2018-q2-update.win32_1.0.0.201904181610/tools/bin/../lib/gcc/arm-none-eabi/7.3.1/../../../../arm-none-eabi/lib/thumb/v6-m\libc_nano.a(lib_a-nano-mallocr.o)
                              c:/st/stm32cubeide_1.3.0/stm32cubeide/plugins/com.st.stm32cube.ide.mcu.externaltools.gnu-tools-for-stm32.7-2018-q2-update.win32_1.0.0.201904181610/tools/bin/../lib/gcc/arm-none-eabi/7.3.1/../../../../arm-none-eabi/lib/thumb/v6-m\libc_nano.a(lib_a-malloc.o) (_malloc_r)
[...]
Memory Configuration

Name             Origin             Length             Attributes
RAM              0x0000000020000000 0x0000000000002000 xrw
FLASH            0x0000000008000000 0x0000000000010000 xr
*default*        0x0000000000000000 0xffffffffffffffff

Linker script and memory map

LOAD c:/st/stm32cubeide_1.3.0/stm32cubeide/plugins/com.st.stm32cube.ide.mcu.externaltools.gnu-tools-for-stm32.7-2018-q2-update.win32_1.0.0.201904181610/tools/bin/../lib/gcc/arm-none-eabi/7.3.1/thumb/v6-m/crti.o
LOAD c:/st/stm32cubeide_1.3.0/stm32cubeide/plugins/com.st.stm32cube.ide.mcu.externaltools.gnu-tools-for-stm32.7-2018-q2-update.win32_1.0.0.201904181610/tools/bin/../lib/gcc/arm-none-eabi/7.3.1/thumb/v6-m/crtbegin.o
LOAD c:/st/stm32cubeide_1.3.0/stm32cubeide/plugins/com.st.stm32cube.ide.mcu.externaltools.gnu-tools-for-stm32.7-2018-q2-update.win32_1.0.0.201904181610/tools/bin/../lib/gcc/arm-none-eabi/7.3.1/../../../../arm-none-eabi/lib/thumb/v6-m/crt0.o
LOAD Core/Src/controller.o
LOAD Core/Src/main.o
LOAD Core/Src/stm32f0xx_hal_msp.o
LOAD Core/Src/stm32f0xx_it.o
LOAD Core/Src/syscalls.o
LOAD Core/Src/sysmem.o
LOAD Core/Src/system_stm32f0xx.o
LOAD Core/Startup/startup_stm32f030c8tx.o
LOAD Drivers/STM32F0xx_HAL_Driver/Src/stm32f0xx_hal.o
LOAD Drivers/STM32F0xx_HAL_Driver/Src/stm32f0xx_hal_cortex.o
LOAD Drivers/STM32F0xx_HAL_Driver/Src/stm32f0xx_hal_dma.o
LOAD Drivers/STM32F0xx_HAL_Driver/Src/stm32f0xx_hal_exti.o
LOAD Drivers/STM32F0xx_HAL_Driver/Src/stm32f0xx_hal_flash.o
LOAD Drivers/STM32F0xx_HAL_Driver/Src/stm32f0xx_hal_flash_ex.o
LOAD Drivers/STM32F0xx_HAL_Driver/Src/stm32f0xx_hal_gpio.o
LOAD Drivers/STM32F0xx_HAL_Driver/Src/stm32f0xx_hal_i2c.o
LOAD Drivers/STM32F0xx_HAL_Driver/Src/stm32f0xx_hal_i2c_ex.o
LOAD Drivers/STM32F0xx_HAL_Driver/Src/stm32f0xx_hal_iwdg.o
LOAD Drivers/STM32F0xx_HAL_Driver/Src/stm32f0xx_hal_pwr.o
LOAD Drivers/STM32F0xx_HAL_Driver/Src/stm32f0xx_hal_pwr_ex.o
LOAD Drivers/STM32F0xx_HAL_Driver/Src/stm32f0xx_hal_rcc.o
LOAD Drivers/STM32F0xx_HAL_Driver/Src/stm32f0xx_hal_rcc_ex.o
LOAD Drivers/STM32F0xx_HAL_Driver/Src/stm32f0xx_hal_tim.o
LOAD Drivers/STM32F0xx_HAL_Driver/Src/stm32f0xx_hal_tim_ex.o
START GROUP
LOAD c:/st/stm32cubeide_1.3.0/stm32cubeide/plugins/com.st.stm32cube.ide.mcu.externaltools.gnu-tools-for-stm32.7-2018-q2-update.win32_1.0.0.201904181610/tools/bin/../lib/gcc/arm-none-eabi/7.3.1/../../../../arm-none-eabi/lib/thumb/v6-m\libc_nano.a
LOAD c:/st/stm32cubeide_1.3.0/stm32cubeide/plugins/com.st.stm32cube.ide.mcu.externaltools.gnu-tools-for-stm32.7-2018-q2-update.win32_1.0.0.201904181610/tools/bin/../lib/gcc/arm-none-eabi/7.3.1/../../../../arm-none-eabi/lib/thumb/v6-m\libm.a
END GROUP
START GROUP
LOAD c:/st/stm32cubeide_1.3.0/stm32cubeide/plugins/com.st.stm32cube.ide.mcu.externaltools.gnu-tools-for-stm32.7-2018-q2-update.win32_1.0.0.201904181610/tools/bin/../lib/gcc/arm-none-eabi/7.3.1/thumb/v6-m\libgcc.a
LOAD c:/st/stm32cubeide_1.3.0/stm32cubeide/plugins/com.st.stm32cube.ide.mcu.externaltools.gnu-tools-for-stm32.7-2018-q2-update.win32_1.0.0.201904181610/tools/bin/../lib/gcc/arm-none-eabi/7.3.1/../../../../arm-none-eabi/lib/thumb/v6-m\libc_nano.a
END GROUP
START GROUP
LOAD c:/st/stm32cubeide_1.3.0/stm32cubeide/plugins/com.st.stm32cube.ide.mcu.externaltools.gnu-tools-for-stm32.7-2018-q2-update.win32_1.0.0.201904181610/tools/bin/../lib/gcc/arm-none-eabi/7.3.1/thumb/v6-m\libgcc.a
LOAD c:/st/stm32cubeide_1.3.0/stm32cubeide/plugins/com.st.stm32cube.ide.mcu.externaltools.gnu-tools-for-stm32.7-2018-q2-update.win32_1.0.0.201904181610/tools/bin/../lib/gcc/arm-none-eabi/7.3.1/../../../../arm-none-eabi/lib/thumb/v6-m\libc_nano.a
LOAD c:/st/stm32cubeide_1.3.0/stm32cubeide/plugins/com.st.stm32cube.ide.mcu.externaltools.gnu-tools-for-stm32.7-2018-q2-update.win32_1.0.0.201904181610/tools/bin/../lib/gcc/arm-none-eabi/7.3.1/../../../../arm-none-eabi/lib/thumb/v6-m\libnosys.a
END GROUP
START GROUP
LOAD c:/st/stm32cubeide_1.3.0/stm32cubeide/plugins/com.st.stm32cube.ide.mcu.externaltools.gnu-tools-for-stm32.7-2018-q2-update.win32_1.0.0.201904181610/tools/bin/../lib/gcc/arm-none-eabi/7.3.1/thumb/v6-m\libgcc.a
LOAD c:/st/stm32cubeide_1.3.0/stm32cubeide/plugins/com.st.stm32cube.ide.mcu.externaltools.gnu-tools-for-stm32.7-2018-q2-update.win32_1.0.0.201904181610/tools/bin/../lib/gcc/arm-none-eabi/7.3.1/../../../../arm-none-eabi/lib/thumb/v6-m\libc_nano.a
LOAD c:/st/stm32cubeide_1.3.0/stm32cubeide/plugins/com.st.stm32cube.ide.mcu.externaltools.gnu-tools-for-stm32.7-2018-q2-update.win32_1.0.0.201904181610/tools/bin/../lib/gcc/arm-none-eabi/7.3.1/../../../../arm-none-eabi/lib/thumb/v6-m\libnosys.a
END GROUP
LOAD c:/st/stm32cubeide_1.3.0/stm32cubeide/plugins/com.st.stm32cube.ide.mcu.externaltools.gnu-tools-for-stm32.7-2018-q2-update.win32_1.0.0.201904181610/tools/bin/../lib/gcc/arm-none-eabi/7.3.1/thumb/v6-m/crtend.o
LOAD c:/st/stm32cubeide_1.3.0/stm32cubeide/plugins/com.st.stm32cube.ide.mcu.externaltools.gnu-tools-for-stm32.7-2018-q2-update.win32_1.0.0.201904181610/tools/bin/../lib/gcc/arm-none-eabi/7.3.1/thumb/v6-m/crtn.o
                0x0000000020002000                _estack = (ORIGIN (RAM) + LENGTH (RAM))
                0x0000000000000200                _Min_Heap_Size = 0x200
                0x0000000000000400                _Min_Stack_Size = 0x400

.isr_vector     0x0000000008000000       0xc0
                0x0000000008000000                . = ALIGN (0x4)
 *(.isr_vector)
 .isr_vector    0x0000000008000000       0xc0 Core/Startup/startup_stm32f030c8tx.o
                0x0000000008000000                g_pfnVectors
                0x00000000080000c0                . = ALIGN (0x4)

.text           0x00000000080000c0     0x3e98
                0x00000000080000c0                . = ALIGN (0x4)
 *(.text)
 .text          0x00000000080000c0       0x48 c:/st/stm32cubeide_1.3.0/stm32cubeide/plugins/com.st.stm32cube.ide.mcu.externaltools.gnu-tools-for-stm32.7-2018-q2-update.win32_1.0.0.201904181610/tools/bin/../lib/gcc/arm-none-eabi/7.3.1/thumb/v6-m/crtbegin.o
 .text          0x0000000008000108      0x114 c:/st/stm32cubeide_1.3.0/stm32cubeide/plugins/com.st.stm32cube.ide.mcu.externaltools.gnu-tools-for-stm32.7-2018-q2-update.win32_1.0.0.201904181610/tools/bin/../lib/gcc/arm-none-eabi/7.3.1/thumb/v6-m\libgcc.a(_udivsi3.o)
                0x0000000008000108                __aeabi_uidiv
                0x0000000008000108                __udivsi3
                0x0000000008000214                __aeabi_uidivmod
 .text          0x000000000800021c      0x1d4 c:/st/stm32cubeide_1.3.0/stm32cubeide/plugins/com.st.stm32cube.ide.mcu.externaltools.gnu-tools-for-stm32.7-2018-q2-update.win32_1.0.0.201904181610/tools/bin/../lib/gcc/arm-none-eabi/7.3.1/thumb/v6-m\libgcc.a(_divsi3.o)
                0x000000000800021c                __divsi3
                0x000000000800021c                __aeabi_idiv
                0x00000000080003e8                __aeabi_idivmod
 .text          0x00000000080003f0        0x4 c:/st/stm32cubeide_1.3.0/stm32cubeide/plugins/com.st.stm32cube.ide.mcu.externaltools.gnu-tools-for-stm32.7-2018-q2-update.win32_1.0.0.201904181610/tools/bin/../lib/gcc/arm-none-eabi/7.3.1/thumb/v6-m\libgcc.a(_dvmd_tls.o)
                0x00000000080003f0                __aeabi_idiv0
                0x00000000080003f0                __aeabi_ldiv0
 *(.text*)
 .text.time_to_array
                0x00000000080003f4       0x88 Core/Src/controller.o
                0x00000000080003f4                time_to_array
 .text.to_mess  0x000000000800047c       0x90 Core/Src/controller.o
                0x000000000800047c                to_mess
 .text.increase_time
                0x000000000800050c       0xe0 Core/Src/controller.o
                0x000000000800050c                increase_time
 .text.Ghi_data
                0x00000000080005ec       0xe4 Core/Src/controller.o
                0x00000000080005ec                Ghi_data
 .text.read_Flash
                0x00000000080006d0       0x18 Core/Src/controller.o
                0x00000000080006d0                read_Flash
 .text.Controller_Display_Mess
                0x00000000080006e8       0x8c Core/Src/controller.o
                0x00000000080006e8                Controller_Display_Mess
 .text.Activate_LED7_1
                0x0000000008000774       0x38 Core/Src/controller.o
 .text.Activate_LED7_2
                0x00000000080007ac       0x38 Core/Src/controller.o
 .text.Activate_LED7_3
                0x00000000080007e4       0x38 Core/Src/controller.o
 .text.Activate_Segment_A
                0x000000000800081c       0x24 Core/Src/controller.o
 .text.Activate_Segment_B
                0x0000000008000840       0x24 Core/Src/controller.o
 .text.Activate_Segment_C
                0x0000000008000864       0x22 Core/Src/controller.o
 .text.Activate_Segment_D
                0x0000000008000886       0x22 Core/Src/controller.o
 .text.Activate_Segment_E
                0x00000000080008a8       0x22 Core/Src/controller.o
 .text.Activate_Segment_F
                0x00000000080008ca       0x22 Core/Src/controller.o
 .text.Activate_Segment_G
                0x00000000080008ec       0x22 Core/Src/controller.o
 *fill*         0x000000000800090e        0x2 
 .text.check_out_time_machine
                0x0000000008000910       0x68 Core/Src/main.o
                0x0000000008000910                check_out_time_machine
 .text.write_Flash_Timer
                0x0000000008000978       0x54 Core/Src/main.o
                0x0000000008000978                write_Flash_Timer
 .text.display  0x00000000080009cc       0xac Core/Src/main.o
                0x00000000080009cc                display
 .text.clear_timer_fillter
                0x0000000008000a78      0x1c0 Core/Src/main.o
                0x0000000008000a78                clear_timer_fillter
 .text.display_erro
                0x0000000008000c38      0x3c8 Core/Src/main.o
                0x0000000008000c38                display_erro
 .text.out_time_fillter
                0x0000000008001000      0x174 Core/Src/main.o
                0x0000000008001000                out_time_fillter
 .text.on_end_display
                0x0000000008001174       0x84 Core/Src/main.o
                0x0000000008001174                on_end_display
 .text.led_fan_action
                0x00000000080011f8       0xfc Core/Src/main.o
                0x00000000080011f8                led_fan_action
 .text.led_tanks_full
                0x00000000080012f4      0x124 Core/Src/main.o
                0x00000000080012f4                led_tanks_full
 .text.main     0x0000000008001418      0x2f8 Core/Src/main.o
                0x0000000008001418                main
 .text.SystemClock_Config
                0x0000000008001710       0x80 Core/Src/main.o
                0x0000000008001710                SystemClock_Config
 .text.MX_IWDG_Init
                0x0000000008001790       0x40 Core/Src/main.o
 .text.MX_TIM3_Init
                0x00000000080017d0       0xac Core/Src/main.o
 .text.MX_TIM6_Init
                0x000000000800187c       0x44 Core/Src/main.o
 .text.MX_GPIO_Init
                0x00000000080018c0      0x190 Core/Src/main.o
 .text.Error_Handler
                0x0000000008001a50        0xa Core/Src/main.o
                0x0000000008001a50                Error_Handler
 *fill*         0x0000000008001a5a        0x2 
 .text.HAL_MspInit
                0x0000000008001a5c       0x48 Core/Src/stm32f0xx_hal_msp.o
                0x0000000008001a5c                HAL_MspInit
 .text.HAL_TIM_Base_MspInit
                0x0000000008001aa4       0x84 Core/Src/stm32f0xx_hal_msp.o
                0x0000000008001aa4                HAL_TIM_Base_MspInit
 .text.timer    0x0000000008001b28       0x4c Core/Src/stm32f0xx_it.o
                0x0000000008001b28                timer
 .text.timer2   0x0000000008001b74       0x6c Core/Src/stm32f0xx_it.o
                0x0000000008001b74                timer2
 .text.NMI_Handler
                0x0000000008001be0        0xa Core/Src/stm32f0xx_it.o
                0x0000000008001be0                NMI_Handler
 .text.HardFault_Handler
                0x0000000008001bea        0x6 Core/Src/stm32f0xx_it.o
                0x0000000008001bea                HardFault_Handler
 .text.SVC_Handler
                0x0000000008001bf0        0xa Core/Src/stm32f0xx_it.o
                0x0000000008001bf0                SVC_Handler
 .text.PendSV_Handler
                0x0000000008001bfa        0xa Core/Src/stm32f0xx_it.o
                0x0000000008001bfa                PendSV_Handler
 .text.SysTick_Handler
                0x0000000008001c04        0xe Core/Src/stm32f0xx_it.o
                0x0000000008001c04                SysTick_Handler
 *fill*         0x0000000008001c12        0x2 
 .text.EXTI2_3_IRQHandler
                0x0000000008001c14       0xd8 Core/Src/stm32f0xx_it.o
                0x0000000008001c14                EXTI2_3_IRQHandler
 .text.EXTI4_15_IRQHandler
                0x0000000008001cec      0x174 Core/Src/stm32f0xx_it.o
                0x0000000008001cec                EXTI4_15_IRQHandler
 .text.TIM3_IRQHandler
                0x0000000008001e60      0x148 Core/Src/stm32f0xx_it.o
                0x0000000008001e60                TIM3_IRQHandler
 .text.TIM6_IRQHandler
                0x0000000008001fa8      0x1a0 Core/Src/stm32f0xx_it.o
                0x0000000008001fa8                TIM6_IRQHandler
 .text._sbrk    0x0000000008002148       0x58 Core/Src/sysmem.o
                0x0000000008002148                _sbrk
 .text.SystemInit
                0x00000000080021a0        0xa Core/Src/system_stm32f0xx.o
                0x00000000080021a0                SystemInit
 *fill*         0x00000000080021aa        0x2 
 .text.Reset_Handler
                0x00000000080021ac       0x50 Core/Startup/startup_stm32f030c8tx.o
                0x00000000080021ac                Reset_Handler
 .text.Default_Handler
                0x00000000080021fc        0x2 Core/Startup/startup_stm32f030c8tx.o
                0x00000000080021fc                TIM1_CC_IRQHandler
                0x00000000080021fc                I2C1_IRQHandler
                0x00000000080021fc                SPI1_IRQHandler
                0x00000000080021fc                ADC1_IRQHandler
                0x00000000080021fc                I2C2_IRQHandler
                0x00000000080021fc                TIM17_IRQHandler
                0x00000000080021fc                RTC_IRQHandler
                0x00000000080021fc                TIM16_IRQHandler
                0x00000000080021fc                RCC_IRQHandler
                0x00000000080021fc                DMA1_Channel1_IRQHandler
                0x00000000080021fc                Default_Handler
                0x00000000080021fc                TIM14_IRQHandler
                0x00000000080021fc                DMA1_Channel4_5_IRQHandler
                0x00000000080021fc                TIM15_IRQHandler
                0x00000000080021fc                EXTI0_1_IRQHandler
                0x00000000080021fc                SPI2_IRQHandler
                0x00000000080021fc                WWDG_IRQHandler
                0x00000000080021fc                DMA1_Channel2_3_IRQHandler
                0x00000000080021fc                USART2_IRQHandler
                0x00000000080021fc                FLASH_IRQHandler
                0x00000000080021fc                USART1_IRQHandler
                0x00000000080021fc                TIM1_BRK_UP_TRG_COM_IRQHandler
 *fill*         0x00000000080021fe        0x2 
 .text.HAL_Init
                0x0000000008002200       0x28 Drivers/STM32F0xx_HAL_Driver/Src/stm32f0xx_hal.o
                0x0000000008002200                HAL_Init
 .text.HAL_InitTick
                0x0000000008002228       0x68 Drivers/STM32F0xx_HAL_Driver/Src/stm32f0xx_hal.o
                0x0000000008002228                HAL_InitTick
 .text.HAL_IncTick
                0x0000000008002290       0x24 Drivers/STM32F0xx_HAL_Driver/Src/stm32f0xx_hal.o
                0x0000000008002290                HAL_IncTick
 .text.HAL_GetTick
                0x00000000080022b4       0x14 Drivers/STM32F0xx_HAL_Driver/Src/stm32f0xx_hal.o
                0x00000000080022b4                HAL_GetTick
 .text.HAL_Delay
                0x00000000080022c8       0x44 Drivers/STM32F0xx_HAL_Driver/Src/stm32f0xx_hal.o
                0x00000000080022c8                HAL_Delay
 .text.__NVIC_EnableIRQ
                0x000000000800230c       0x34 Drivers/STM32F0xx_HAL_Driver/Src/stm32f0xx_hal_cortex.o
 .text.__NVIC_SetPriority
                0x0000000008002340       0xdc Drivers/STM32F0xx_HAL_Driver/Src/stm32f0xx_hal_cortex.o
 .text.SysTick_Config
                0x000000000800241c       0x48 Drivers/STM32F0xx_HAL_Driver/Src/stm32f0xx_hal_cortex.o
 .text.HAL_NVIC_SetPriority
                0x0000000008002464       0x2a Drivers/STM32F0xx_HAL_Driver/Src/stm32f0xx_hal_cortex.o
                0x0000000008002464                HAL_NVIC_SetPriority
 .text.HAL_NVIC_EnableIRQ
                0x000000000800248e       0x20 Drivers/STM32F0xx_HAL_Driver/Src/stm32f0xx_hal_cortex.o
                0x000000000800248e                HAL_NVIC_EnableIRQ
 .text.HAL_SYSTICK_Config
                0x00000000080024ae       0x1a Drivers/STM32F0xx_HAL_Driver/Src/stm32f0xx_hal_cortex.o
                0x00000000080024ae                HAL_SYSTICK_Config
 .text.HAL_FLASH_Program
                0x00000000080024c8      0x12c Drivers/STM32F0xx_HAL_Driver/Src/stm32f0xx_hal_flash.o
                0x00000000080024c8                HAL_FLASH_Program
 .text.HAL_FLASH_Unlock
                0x00000000080025f4       0x4c Drivers/STM32F0xx_HAL_Driver/Src/stm32f0xx_hal_flash.o
                0x00000000080025f4                HAL_FLASH_Unlock
 .text.HAL_FLASH_Lock
                0x0000000008002640       0x1c Drivers/STM32F0xx_HAL_Driver/Src/stm32f0xx_hal_flash.o
                0x0000000008002640                HAL_FLASH_Lock
 .text.FLASH_Program_HalfWord
                0x000000000800265c       0x38 Drivers/STM32F0xx_HAL_Driver/Src/stm32f0xx_hal_flash.o
 .text.FLASH_WaitForLastOperation
                0x0000000008002694       0x80 Drivers/STM32F0xx_HAL_Driver/Src/stm32f0xx_hal_flash.o
                0x0000000008002694                FLASH_WaitForLastOperation
 .text.FLASH_SetErrorCode
                0x0000000008002714       0x60 Drivers/STM32F0xx_HAL_Driver/Src/stm32f0xx_hal_flash.o
 .text.HAL_FLASHEx_Erase
                0x0000000008002774       0xec Drivers/STM32F0xx_HAL_Driver/Src/stm32f0xx_hal_flash_ex.o
                0x0000000008002774                HAL_FLASHEx_Erase
 .text.FLASH_MassErase
                0x0000000008002860       0x30 Drivers/STM32F0xx_HAL_Driver/Src/stm32f0xx_hal_flash_ex.o
 .text.FLASH_PageErase
                0x0000000008002890       0x3c Drivers/STM32F0xx_HAL_Driver/Src/stm32f0xx_hal_flash_ex.o
                0x0000000008002890                FLASH_PageErase
 .text.HAL_GPIO_Init
                0x00000000080028cc      0x2e0 Drivers/STM32F0xx_HAL_Driver/Src/stm32f0xx_hal_gpio.o
                0x00000000080028cc                HAL_GPIO_Init
 .text.HAL_GPIO_ReadPin
                0x0000000008002bac       0x3a Drivers/STM32F0xx_HAL_Driver/Src/stm32f0xx_hal_gpio.o
                0x0000000008002bac                HAL_GPIO_ReadPin
 .text.HAL_GPIO_WritePin
                0x0000000008002be6       0x3a Drivers/STM32F0xx_HAL_Driver/Src/stm32f0xx_hal_gpio.o
                0x0000000008002be6                HAL_GPIO_WritePin
 .text.HAL_GPIO_EXTI_IRQHandler
                0x0000000008002c20       0x38 Drivers/STM32F0xx_HAL_Driver/Src/stm32f0xx_hal_gpio.o
                0x0000000008002c20                HAL_GPIO_EXTI_IRQHandler
 .text.HAL_GPIO_EXTI_Callback
                0x0000000008002c58       0x14 Drivers/STM32F0xx_HAL_Driver/Src/stm32f0xx_hal_gpio.o
                0x0000000008002c58                HAL_GPIO_EXTI_Callback
 .text.HAL_IWDG_Init
                0x0000000008002c6c       0x94 Drivers/STM32F0xx_HAL_Driver/Src/stm32f0xx_hal_iwdg.o
                0x0000000008002c6c                HAL_IWDG_Init
 .text.HAL_RCC_OscConfig
                0x0000000008002d00      0x638 Drivers/STM32F0xx_HAL_Driver/Src/stm32f0xx_hal_rcc.o
                0x0000000008002d00                HAL_RCC_OscConfig
 .text.HAL_RCC_ClockConfig
                0x0000000008003338      0x19c Drivers/STM32F0xx_HAL_Driver/Src/stm32f0xx_hal_rcc.o
                0x0000000008003338                HAL_RCC_ClockConfig
 .text.HAL_RCC_GetSysClockFreq
                0x00000000080034d4       0xc8 Drivers/STM32F0xx_HAL_Driver/Src/stm32f0xx_hal_rcc.o
                0x00000000080034d4                HAL_RCC_GetSysClockFreq
 .text.HAL_TIM_Base_Init
                0x000000000800359c       0x58 Drivers/STM32F0xx_HAL_Driver/Src/stm32f0xx_hal_tim.o
                0x000000000800359c                HAL_TIM_Base_Init
 .text.HAL_TIM_Base_Start_IT
                0x00000000080035f4       0x44 Drivers/STM32F0xx_HAL_Driver/Src/stm32f0xx_hal_tim.o
                0x00000000080035f4                HAL_TIM_Base_Start_IT
 .text.HAL_TIM_IRQHandler
                0x0000000008003638      0x22c Drivers/STM32F0xx_HAL_Driver/Src/stm32f0xx_hal_tim.o
                0x0000000008003638                HAL_TIM_IRQHandler
 .text.HAL_TIM_ConfigClockSource
                0x0000000008003864      0x17c Drivers/STM32F0xx_HAL_Driver/Src/stm32f0xx_hal_tim.o
                0x0000000008003864                HAL_TIM_ConfigClockSource
 .text.HAL_TIM_PeriodElapsedCallback
                0x00000000080039e0       0x10 Drivers/STM32F0xx_HAL_Driver/Src/stm32f0xx_hal_tim.o
                0x00000000080039e0                HAL_TIM_PeriodElapsedCallback
 .text.HAL_TIM_OC_DelayElapsedCallback
                0x00000000080039f0       0x10 Drivers/STM32F0xx_HAL_Driver/Src/stm32f0xx_hal_tim.o
                0x00000000080039f0                HAL_TIM_OC_DelayElapsedCallback
 .text.HAL_TIM_IC_CaptureCallback
                0x0000000008003a00       0x10 Drivers/STM32F0xx_HAL_Driver/Src/stm32f0xx_hal_tim.o
                0x0000000008003a00                HAL_TIM_IC_CaptureCallback
 .text.HAL_TIM_PWM_PulseFinishedCallback
                0x0000000008003a10       0x10 Drivers/STM32F0xx_HAL_Driver/Src/stm32f0xx_hal_tim.o
                0x0000000008003a10                HAL_TIM_PWM_PulseFinishedCallback
 .text.HAL_TIM_TriggerCallback
                0x0000000008003a20       0x10 Drivers/STM32F0xx_HAL_Driver/Src/stm32f0xx_hal_tim.o
                0x0000000008003a20                HAL_TIM_TriggerCallback
 .text.TIM_Base_SetConfig
                0x0000000008003a30       0xec Drivers/STM32F0xx_HAL_Driver/Src/stm32f0xx_hal_tim.o
                0x0000000008003a30                TIM_Base_SetConfig
 .text.TIM_TI1_ConfigInputStage
                0x0000000008003b1c       0x5c Drivers/STM32F0xx_HAL_Driver/Src/stm32f0xx_hal_tim.o
 .text.TIM_TI2_ConfigInputStage
                0x0000000008003b78       0x64 Drivers/STM32F0xx_HAL_Driver/Src/stm32f0xx_hal_tim.o
 .text.TIM_ITRx_SetConfig
                0x0000000008003bdc       0x32 Drivers/STM32F0xx_HAL_Driver/Src/stm32f0xx_hal_tim.o
 *fill*         0x0000000008003c0e        0x2 
 .text.TIM_ETR_SetConfig
                0x0000000008003c10       0x40 Drivers/STM32F0xx_HAL_Driver/Src/stm32f0xx_hal_tim.o
                0x0000000008003c10                TIM_ETR_SetConfig
 .text.HAL_TIMEx_MasterConfigSynchronization
                0x0000000008003c50       0xb0 Drivers/STM32F0xx_HAL_Driver/Src/stm32f0xx_hal_tim_ex.o
                0x0000000008003c50                HAL_TIMEx_MasterConfigSynchronization
 .text.HAL_TIMEx_CommutCallback
                0x0000000008003d00       0x10 Drivers/STM32F0xx_HAL_Driver/Src/stm32f0xx_hal_tim_ex.o
                0x0000000008003d00                HAL_TIMEx_CommutCallback
 .text.HAL_TIMEx_BreakCallback
                0x0000000008003d10       0x10 Drivers/STM32F0xx_HAL_Driver/Src/stm32f0xx_hal_tim_ex.o
                0x0000000008003d10                HAL_TIMEx_BreakCallback
 .text.calloc   0x0000000008003d20       0x14 c:/st/stm32cubeide_1.3.0/stm32cubeide/plugins/com.st.stm32cube.ide.mcu.externaltools.gnu-tools-for-stm32.7-2018-q2-update.win32_1.0.0.201904181610/tools/bin/../lib/gcc/arm-none-eabi/7.3.1/../../../../arm-none-eabi/lib/thumb/v6-m\libc_nano.a(lib_a-calloc.o)
                0x0000000008003d20                calloc
 .text.__errno  0x0000000008003d34        0xc c:/st/stm32cubeide_1.3.0/stm32cubeide/plugins/com.st.stm32cube.ide.mcu.externaltools.gnu-tools-for-stm32.7-2018-q2-update.win32_1.0.0.201904181610/tools/bin/../lib/gcc/arm-none-eabi/7.3.1/../../../../arm-none-eabi/lib/thumb/v6-m\libc_nano.a(lib_a-errno.o)
                0x0000000008003d34                __errno
 .text.__libc_init_array
                0x0000000008003d40       0x48 c:/st/stm32cubeide_1.3.0/stm32cubeide/plugins/com.st.stm32cube.ide.mcu.externaltools.gnu-tools-for-stm32.7-2018-q2-update.win32_1.0.0.201904181610/tools/bin/../lib/gcc/arm-none-eabi/7.3.1/../../../../arm-none-eabi/lib/thumb/v6-m\libc_nano.a(lib_a-init.o)
                0x0000000008003d40                __libc_init_array
 .text.free     0x0000000008003d88       0x14 c:/st/stm32cubeide_1.3.0/stm32cubeide/plugins/com.st.stm32cube.ide.mcu.externaltools.gnu-tools-for-stm32.7-2018-q2-update.win32_1.0.0.201904181610/tools/bin/../lib/gcc/arm-none-eabi/7.3.1/../../../../arm-none-eabi/lib/thumb/v6-m\libc_nano.a(lib_a-malloc.o)
                0x0000000008003d88                free
 .text.memset   0x0000000008003d9c       0x10 c:/st/stm32cubeide_1.3.0/stm32cubeide/plugins/com.st.stm32cube.ide.mcu.externaltools.gnu-tools-for-stm32.7-2018-q2-update.win32_1.0.0.201904181610/tools/bin/../lib/gcc/arm-none-eabi/7.3.1/../../../../arm-none-eabi/lib/thumb/v6-m\libc_nano.a(lib_a-memset.o)
                0x0000000008003d9c                memset
 .text._calloc_r
                0x0000000008003dac       0x1c c:/st/stm32cubeide_1.3.0/stm32cubeide/plugins/com.st.stm32cube.ide.mcu.externaltools.gnu-tools-for-stm32.7-2018-q2-update.win32_1.0.0.201904181610/tools/bin/../lib/gcc/arm-none-eabi/7.3.1/../../../../arm-none-eabi/lib/thumb/v6-m\libc_nano.a(lib_a-nano-callocr.o)
                0x0000000008003dac                _calloc_r
 .text._free_r  0x0000000008003dc8       0x94 c:/st/stm32cubeide_1.3.0/stm32cubeide/plugins/com.st.stm32cube.ide.mcu.externaltools.gnu-tools-for-stm32.7-2018-q2-update.win32_1.0.0.201904181610/tools/bin/../lib/gcc/arm-none-eabi/7.3.1/../../../../arm-none-eabi/lib/thumb/v6-m\libc_nano.a(lib_a-nano-freer.o)
                0x0000000008003dc8                _free_r
 .text._malloc_r
                0x0000000008003e5c       0xbc c:/st/stm32cubeide_1.3.0/stm32cubeide/plugins/com.st.stm32cube.ide.mcu.externaltools.gnu-tools-for-stm32.7-2018-q2-update.win32_1.0.0.201904181610/tools/bin/../lib/gcc/arm-none-eabi/7.3.1/../../../../arm-none-eabi/lib/thumb/v6-m\libc_nano.a(lib_a-nano-mallocr.o)
                0x0000000008003e5c                _malloc_r
 .text._sbrk_r  0x0000000008003f18       0x24 c:/st/stm32cubeide_1.3.0/stm32cubeide/plugins/com.st.stm32cube.ide.mcu.externaltools.gnu-tools-for-stm32.7-2018-q2-update.win32_1.0.0.201904181610/tools/bin/../lib/gcc/arm-none-eabi/7.3.1/../../../../arm-none-eabi/lib/thumb/v6-m\libc_nano.a(lib_a-sbrkr.o)
                0x0000000008003f18                _sbrk_r
 .text.__malloc_lock
                0x0000000008003f3c        0x2 c:/st/stm32cubeide_1.3.0/stm32cubeide/plugins/com.st.stm32cube.ide.mcu.externaltools.gnu-tools-for-stm32.7-2018-q2-update.win32_1.0.0.201904181610/tools/bin/../lib/gcc/arm-none-eabi/7.3.1/../../../../arm-none-eabi/lib/thumb/v6-m\libc_nano.a(lib_a-mlock.o)
                0x0000000008003f3c                __malloc_lock
 .text.__malloc_unlock
                0x0000000008003f3e        0x2 c:/st/stm32cubeide_1.3.0/stm32cubeide/plugins/com.st.stm32cube.ide.mcu.externaltools.gnu-tools-for-stm32.7-2018-q2-update.win32_1.0.0.201904181610/tools/bin/../lib/gcc/arm-none-eabi/7.3.1/../../../../arm-none-eabi/lib/thumb/v6-m\libc_nano.a(lib_a-mlock.o)
                0x0000000008003f3e                __malloc_unlock
 *(.glue_7)
 .glue_7        0x0000000008003f40        0x0 linker stubs
 *(.glue_7t)
 .glue_7t       0x0000000008003f40        0x0 linker stubs
 *(.eh_frame)
 .eh_frame      0x0000000008003f40        0x0 c:/st/stm32cubeide_1.3.0/stm32cubeide/plugins/com.st.stm32cube.ide.mcu.externaltools.gnu-tools-for-stm32.7-2018-q2-update.win32_1.0.0.201904181610/tools/bin/../lib/gcc/arm-none-eabi/7.3.1/thumb/v6-m/crtbegin.o
 *(.init)
 .init          0x0000000008003f40        0x4 c:/st/stm32cubeide_1.3.0/stm32cubeide/plugins/com.st.stm32cube.ide.mcu.externaltools.gnu-tools-for-stm32.7-2018-q2-update.win32_1.0.0.201904181610/tools/bin/../lib/gcc/arm-none-eabi/7.3.1/thumb/v6-m/crti.o
                0x0000000008003f40                _init
 .init          0x0000000008003f44        0x8 c:/st/stm32cubeide_1.3.0/stm32cubeide/plugins/com.st.stm32cube.ide.mcu.externaltools.gnu-tools-for-stm32.7-2018-q2-update.win32_1.0.0.201904181610/tools/bin/../lib/gcc/arm-none-eabi/7.3.1/thumb/v6-m/crtn.o
 *(.fini)
 .fini          0x0000000008003f4c        0x4 c:/st/stm32cubeide_1.3.0/stm32cubeide/plugins/com.st.stm32cube.ide.mcu.externaltools.gnu-tools-for-stm32.7-2018-q2-update.win32_1.0.0.201904181610/tools/bin/../lib/gcc/arm-none-eabi/7.3.1/thumb/v6-m/crti.o
                0x0000000008003f4c                _fini
 .fini          0x0000000008003f50        0x8 c:/st/stm32cubeide_1.3.0/stm32cubeide/plugins/com.st.stm32cube.ide.mcu.externaltools.gnu-tools-for-stm32.7-2018-q2-update.win32_1.0.0.201904181610/tools/bin/../lib/gcc/arm-none-eabi/7.3.1/thumb/v6-m/crtn.o
                0x0000000008003f58                . = ALIGN (0x4)
                0x0000000008003f58                _etext = .

.vfp11_veneer   0x0000000008003f58        0x0
 .vfp11_veneer  0x0000000008003f58        0x0 linker stubs

.v4_bx          0x0000000008003f58        0x0
 .v4_bx         0x0000000008003f58        0x0 linker stubs

.iplt           0x0000000008003f58        0x0
 .iplt          0x0000000008003f58        0x0 c:/st/stm32cubeide_1.3.0/stm32cubeide/plugins/com.st.stm32cube.ide.mcu.externaltools.gnu-tools-for-stm32.7-2018-q2-update.win32_1.0.0.201904181610/tools/bin/../lib/gcc/arm-none-eabi/7.3.1/thumb/v6-m/crtbegin.o

.rodata         0x0000000008003f58       0x58
                0x0000000008003f58                . = ALIGN (0x4)
 *(.rodata)
 .rodata        0x0000000008003f58       0x20 Drivers/STM32F0xx_HAL_Driver/Src/stm32f0xx_hal_rcc.o
 *(.rodata*)
 .rodata.to_mess
                0x0000000008003f78       0x28 Core/Src/controller.o
 .rodata.AHBPrescTable
                0x0000000008003fa0       0x10 Core/Src/system_stm32f0xx.o
                0x0000000008003fa0                AHBPrescTable
                0x0000000008003fb0                . = ALIGN (0x4)

.rel.dyn        0x0000000008003fb0        0x0
 .rel.iplt      0x0000000008003fb0        0x0 c:/st/stm32cubeide_1.3.0/stm32cubeide/plugins/com.st.stm32cube.ide.mcu.externaltools.gnu-tools-for-stm32.7-2018-q2-update.win32_1.0.0.201904181610/tools/bin/../lib/gcc/arm-none-eabi/7.3.1/thumb/v6-m/crtbegin.o

.ARM.extab      0x0000000008003fb0        0x0
                0x0000000008003fb0                . = ALIGN (0x4)
 *(.ARM.extab* .gnu.linkonce.armextab.*)
                0x0000000008003fb0                . = ALIGN (0x4)

.ARM            0x0000000008003fb0        0x0
                0x0000000008003fb0                . = ALIGN (0x4)
                0x0000000008003fb0                __exidx_start = .
 *(.ARM.exidx*)
                0x0000000008003fb0                __exidx_end = .
                0x0000000008003fb0                . = ALIGN (0x4)

.preinit_array  0x0000000008003fb0        0x0
                0x0000000008003fb0                . = ALIGN (0x4)
                0x0000000008003fb0                PROVIDE (__preinit_array_start = .)
 *(.preinit_array*)
                0x0000000008003fb0                PROVIDE (__preinit_array_end = .)
                0x0000000008003fb0                . = ALIGN (0x4)

.init_array     0x0000000008003fb0        0x4
                0x0000000008003fb0                . = ALIGN (0x4)
                0x0000000008003fb0                PROVIDE (__init_array_start = .)
 *(SORT_BY_NAME(.init_array.*))
 *(.init_array*)
 .init_array    0x0000000008003fb0        0x4 c:/st/stm32cubeide_1.3.0/stm32cubeide/plugins/com.st.stm32cube.ide.mcu.externaltools.gnu-tools-for-stm32.7-2018-q2-update.win32_1.0.0.201904181610/tools/bin/../lib/gcc/arm-none-eabi/7.3.1/thumb/v6-m/crtbegin.o
                0x0000000008003fb4                PROVIDE (__init_array_end = .)
                0x0000000008003fb4                . = ALIGN (0x4)

.fini_array     0x0000000008003fb4        0x4
                0x0000000008003fb4                . = ALIGN (0x4)
                [!provide]                        PROVIDE (__fini_array_start = .)
 *(SORT_BY_NAME(.fini_array.*))
 *(.fini_array*)
 .fini_array    0x0000000008003fb4        0x4 c:/st/stm32cubeide_1.3.0/stm32cubeide/plugins/com.st.stm32cube.ide.mcu.externaltools.gnu-tools-for-stm32.7-2018-q2-update.win32_1.0.0.201904181610/tools/bin/../lib/gcc/arm-none-eabi/7.3.1/thumb/v6-m/crtbegin.o
                [!provide]                        PROVIDE (__fini_array_end = .)
                0x0000000008003fb8                . = ALIGN (0x4)
                0x0000000008003fb8                _sidata = LOADADDR (.data)

.data           0x0000000020000000      0x100 load address 0x0000000008003fb8
                0x0000000020000000                . = ALIGN (0x4)
                0x0000000020000000                _sdata = .
 *(.data)
 *(.data*)
 .data.Activate_LED7
                0x0000000020000000        0xc Core/Src/controller.o
                0x0000000020000000                Activate_LED7
 .data.Activate_Segment
                0x000000002000000c       0x1c Core/Src/controller.o
                0x000000002000000c                Activate_Segment
 .data.fan_led_port
                0x0000000020000028       0x28 Core/Src/main.o
                0x0000000020000028                fan_led_port
 .data.fan_led_pin
                0x0000000020000050       0x28 Core/Src/main.o
                0x0000000020000050                fan_led_pin
 .data.test     0x0000000020000078        0x3 Core/Src/main.o
                0x0000000020000078                test
 *fill*         0x000000002000007b        0x1 
 .data.out_time_Machine
                0x000000002000007c        0x3 Core/Src/main.o
                0x000000002000007c                out_time_Machine
 *fill*         0x000000002000007f        0x1 
 .data.out_time_PP
                0x0000000020000080        0x3 Core/Src/main.o
                0x0000000020000080                out_time_PP
 *fill*         0x0000000020000083        0x1 
 .data.out_time_ocb
                0x0000000020000084        0x3 Core/Src/main.o
                0x0000000020000084                out_time_ocb
 *fill*         0x0000000020000087        0x1 
 .data.out_time_cto
                0x0000000020000088        0x3 Core/Src/main.o
                0x0000000020000088                out_time_cto
 *fill*         0x000000002000008b        0x1 
 .data.out_time_ro
                0x000000002000008c        0x3 Core/Src/main.o
                0x000000002000008c                out_time_ro
 *fill*         0x000000002000008f        0x1 
 .data.SystemCoreClock
                0x0000000020000090        0x4 Core/Src/system_stm32f0xx.o
                0x0000000020000090                SystemCoreClock
 .data.uwTickPrio
                0x0000000020000094        0x4 Drivers/STM32F0xx_HAL_Driver/Src/stm32f0xx_hal.o
                0x0000000020000094                uwTickPrio
 .data.uwTickFreq
                0x0000000020000098        0x1 Drivers/STM32F0xx_HAL_Driver/Src/stm32f0xx_hal.o
                0x0000000020000098                uwTickFreq
 *fill*         0x0000000020000099        0x3 
 .data._impure_ptr
                0x000000002000009c        0x4 c:/st/stm32cubeide_1.3.0/stm32cubeide/plugins/com.st.stm32cube.ide.mcu.externaltools.gnu-tools-for-stm32.7-2018-q2-update.win32_1.0.0.201904181610/tools/bin/../lib/gcc/arm-none-eabi/7.3.1/../../../../arm-none-eabi/lib/thumb/v6-m\libc_nano.a(lib_a-impure.o)
                0x000000002000009c                _impure_ptr
 .data.impure_data
                0x00000000200000a0       0x60 c:/st/stm32cubeide_1.3.0/stm32cubeide/plugins/com.st.stm32cube.ide.mcu.externaltools.gnu-tools-for-stm32.7-2018-q2-update.win32_1.0.0.201904181610/tools/bin/../lib/gcc/arm-none-eabi/7.3.1/../../../../arm-none-eabi/lib/thumb/v6-m\libc_nano.a(lib_a-impure.o)
                0x0000000020000100                . = ALIGN (0x4)
                0x0000000020000100                _edata = .

.igot.plt       0x0000000020000100        0x0 load address 0x00000000080040b8
 .igot.plt      0x0000000020000100        0x0 c:/st/stm32cubeide_1.3.0/stm32cubeide/plugins/com.st.stm32cube.ide.mcu.externaltools.gnu-tools-for-stm32.7-2018-q2-update.win32_1.0.0.201904181610/tools/bin/../lib/gcc/arm-none-eabi/7.3.1/thumb/v6-m/crtbegin.o
                0x0000000020000100                . = ALIGN (0x4)

.bss            0x0000000020000100      0x194 load address 0x00000000080040b8
                0x0000000020000100                _sbss = .
                0x0000000020000100                __bss_start__ = _sbss
 *(.bss)
 .bss           0x0000000020000100       0x1c c:/st/stm32cubeide_1.3.0/stm32cubeide/plugins/com.st.stm32cube.ide.mcu.externaltools.gnu-tools-for-stm32.7-2018-q2-update.win32_1.0.0.201904181610/tools/bin/../lib/gcc/arm-none-eabi/7.3.1/thumb/v6-m/crtbegin.o
 *(.bss*)
 .bss.fw_done.5970
                0x000000002000011c        0x4 Core/Src/main.o
 .bss.counting.5969
                0x0000000020000120        0x4 Core/Src/main.o
 .bss.led_fan_cnt
                0x0000000020000124        0x4 Core/Src/stm32f0xx_it.o
 .bss.clr_button_cnt
                0x0000000020000128        0x4 Core/Src/stm32f0xx_it.o
 .bss.ro_button_cnt
                0x000000002000012c        0x4 Core/Src/stm32f0xx_it.o
 .bss.cto_button_cnt
                0x0000000020000130        0x4 Core/Src/stm32f0xx_it.o
 .bss.pp1_button_cnt
                0x0000000020000134        0x4 Core/Src/stm32f0xx_it.o
 .bss.ocb_button_cnt
                0x0000000020000138        0x4 Core/Src/stm32f0xx_it.o
 .bss.pump_status_cnt
                0x000000002000013c        0x4 Core/Src/stm32f0xx_it.o
 .bss.seven_segment_switch_cnt
                0x0000000020000140        0x4 Core/Src/stm32f0xx_it.o
 .bss.display_cnt
                0x0000000020000144        0x4 Core/Src/stm32f0xx_it.o
 .bss.out_time_machine_cnt
                0x0000000020000148        0x4 Core/Src/stm32f0xx_it.o
 .bss.led_tank_full_cnt
                0x000000002000014c        0x4 Core/Src/stm32f0xx_it.o
 .bss.OCB_Out_Time_Flag_off_cnt
                0x0000000020000150        0x4 Core/Src/stm32f0xx_it.o
 .bss.PP_Out_Time_Flag_off_cnt
                0x0000000020000154        0x4 Core/Src/stm32f0xx_it.o
 .bss.RO_Out_Time_Flag_off_cnt
                0x0000000020000158        0x4 Core/Src/stm32f0xx_it.o
 .bss.CTO_Out_Time_Flag_off_cnt
                0x000000002000015c        0x4 Core/Src/stm32f0xx_it.o
 .bss.water_low_Flag_off_cnt
                0x0000000020000160        0x4 Core/Src/stm32f0xx_it.o
 .bss.Machine_Out_Time_Flag_off_cnt
                0x0000000020000164        0x4 Core/Src/stm32f0xx_it.o
 .bss.erro_dislay_cnt
                0x0000000020000168        0x4 Core/Src/stm32f0xx_it.o
 .bss.watch_Dog_cnt
                0x000000002000016c        0x4 Core/Src/stm32f0xx_it.o
 .bss.write_Flash_cnt
                0x0000000020000170        0x4 Core/Src/stm32f0xx_it.o
 .bss.clr_button_trigger
                0x0000000020000174        0x1 Core/Src/stm32f0xx_it.o
 .bss.ro_button_trigger
                0x0000000020000175        0x1 Core/Src/stm32f0xx_it.o
 .bss.cto_button_trigger
                0x0000000020000176        0x1 Core/Src/stm32f0xx_it.o
 .bss.pp1_button_trigger
                0x0000000020000177        0x1 Core/Src/stm32f0xx_it.o
 .bss.ocb_button_trigger
                0x0000000020000178        0x1 Core/Src/stm32f0xx_it.o
 *fill*         0x0000000020000179        0x3 
 .bss.heap_end.5149
                0x000000002000017c        0x4 Core/Src/sysmem.o
 .bss.__malloc_free_list
                0x0000000020000180        0x4 c:/st/stm32cubeide_1.3.0/stm32cubeide/plugins/com.st.stm32cube.ide.mcu.externaltools.gnu-tools-for-stm32.7-2018-q2-update.win32_1.0.0.201904181610/tools/bin/../lib/gcc/arm-none-eabi/7.3.1/../../../../arm-none-eabi/lib/thumb/v6-m\libc_nano.a(lib_a-nano-mallocr.o)
                0x0000000020000180                __malloc_free_list
 .bss.__malloc_sbrk_start
                0x0000000020000184        0x4 c:/st/stm32cubeide_1.3.0/stm32cubeide/plugins/com.st.stm32cube.ide.mcu.externaltools.gnu-tools-for-stm32.7-2018-q2-update.win32_1.0.0.201904181610/tools/bin/../lib/gcc/arm-none-eabi/7.3.1/../../../../arm-none-eabi/lib/thumb/v6-m\libc_nano.a(lib_a-nano-mallocr.o)
                0x0000000020000184                __malloc_sbrk_start
 *(COMMON)
 COMMON         0x0000000020000188        0x5 Core/Src/controller.o
                0x0000000020000188                RO_Out_Time_Flag
                0x0000000020000189                CTO_Out_Time_Flag
                0x000000002000018a                PP_Out_Time_Flag
                0x000000002000018b                end_display_flag
                0x000000002000018c                OCB_Out_Time_Flag
 *fill*         0x000000002000018d        0x3 
 COMMON         0x0000000020000190       0xbc Core/Src/main.o
                0x0000000020000190                OCB_time
                0x0000000020000194                dislay_status_erro_cnt
                0x0000000020000198                PP1_time_p
                0x000000002000019c                hiwdg
                0x00000000200001ac                RO_time
                0x00000000200001b0                CTO_time_p
                0x00000000200001b4                htim3
                0x00000000200001f4                write_data
                0x00000000200001f8                PP1_time
                0x00000000200001fc                htim6
                0x000000002000023c                RO_time_p
                0x0000000020000240                CTO_time
                0x0000000020000244                Machine_time_run
                0x0000000020000248                OCB_time_p
 COMMON         0x000000002000024c       0x20 Core/Src/stm32f0xx_it.o
                0x000000002000024c                pump_status_flag
                0x000000002000024d                ocb_button_flag
                0x000000002000024e                lock_end_dislay_flag
                0x000000002000024f                dislay_erro_trigger
                0x0000000020000250                RO_Out_Time_Trigger_off
                0x0000000020000251                Write_Flash_flag
                0x0000000020000252                led_fan_flag
                0x0000000020000253                RO_Out_Time_Flag_off
                0x0000000020000254                out_time_machine_flag
                0x0000000020000255                ro_button_flag
                0x0000000020000256                PP_Out_Time_Flag_off
                0x0000000020000257                erro_dislay_trigger
                0x0000000020000258                PP_Out_Time_Trigger_off
                0x0000000020000259                led_tank_full_flag_off
                0x000000002000025a                out_time_machine_trigger
                0x000000002000025b                clr_button_flag
                0x000000002000025c                Machine_Time_Trigger_off
                0x000000002000025d                seven_segment_switch_flag
                0x000000002000025e                CTO_Out_Time_Trigger_off
                0x000000002000025f                led_tank_full_flag
                0x0000000020000260                Water_low_trigger_off
                0x0000000020000261                erro_dislay_flag_off
                0x0000000020000262                OCB_Out_Time_Flag_off
                0x0000000020000263                watch_Dog_Flag
                0x0000000020000264                water_input_flag
                0x0000000020000265                OCB_Out_Time_Trigger_off
                0x0000000020000266                watch_Dog_Trigger
                0x0000000020000267                Water_low_Flag_off
                0x0000000020000268                Machine_Time_Flag_off
                0x0000000020000269                CTO_Out_Time_Flag_off
                0x000000002000026a                cto_button_flag
                0x000000002000026b                pp1_button_flag
 COMMON         0x000000002000026c        0x4 Drivers/STM32F0xx_HAL_Driver/Src/stm32f0xx_hal.o
                0x000000002000026c                uwTick
 COMMON         0x0000000020000270       0x20 Drivers/STM32F0xx_HAL_Driver/Src/stm32f0xx_hal_flash.o
                0x0000000020000270                pFlash
 COMMON         0x0000000020000290        0x4 c:/st/stm32cubeide_1.3.0/stm32cubeide/plugins/com.st.stm32cube.ide.mcu.externaltools.gnu-tools-for-stm32.7-2018-q2-update.win32_1.0.0.201904181610/tools/bin/../lib/gcc/arm-none-eabi/7.3.1/../../../../arm-none-eabi/lib/thumb/v6-m\libc_nano.a(lib_a-reent.o)
                0x0000000020000290                errno
                0x0000000020000294                . = ALIGN (0x4)
                0x0000000020000294                _ebss = .
                0x0000000020000294                __bss_end__ = _ebss

._user_heap_stack
                0x0000000020000294      0x604 load address 0x00000000080040b8
                0x0000000020000298                . = ALIGN (0x8)
 *fill*         0x0000000020000294        0x4 
                0x0000000020000298                PROVIDE (end = .)
                [!provide]                        PROVIDE (_end = .)
                0x0000000020000498                . = (. + _Min_Heap_Size)
 *fill*         0x0000000020000298      0x200 
                0x0000000020000898                . = (. + _Min_Stack_Size)
 *fill*         0x0000000020000498      0x400 
                0x0000000020000898                . = ALIGN (0x8)

/DISCARD/
 libc.a(*)
 libm.a(*)
 libgcc.a(*)

.ARM.attributes
                0x0000000000000000       0x28
 *(.ARM.attributes)
 .ARM.attributes
                0x0000000000000000       0x1e c:/st/stm32cubeide_1.3.0/stm32cubeide/plugins/com.st.stm32cube.ide.mcu.externaltools.gnu-tools-for-stm32.7-2018-q2-update.win32_1.0.0.201904181610/tools/bin/../lib/gcc/arm-none-eabi/7.3.1/thumb/v6-m/crti.o
 .ARM.attributes
                0x000000000000001e       0x2c c:/st/stm32cubeide_1.3.0/stm32cubeide/plugins/com.st.stm32cube.ide.mcu.externaltools.gnu-tools-for-stm32.7-2018-q2-update.win32_1.0.0.201904181610/tools/bin/../lib/gcc/arm-none-eabi/7.3.1/thumb/v6-m/crtbegin.o
 .ARM.attributes
                0x000000000000004a       0x31 Core/Src/controller.o
 .ARM.attributes
                0x000000000000007b       0x31 Core/Src/main.o
 .ARM.attributes
                0x00000000000000ac       0x31 Core/Src/stm32f0xx_hal_msp.o
 .ARM.attributes
                0x00000000000000dd       0x31 Core/Src/stm32f0xx_it.o
 .ARM.attributes
                0x000000000000010e       0x31 Core/Src/sysmem.o
 .ARM.attributes
                0x000000000000013f       0x31 Core/Src/system_stm32f0xx.o
 .ARM.attributes
                0x0000000000000170       0x21 Core/Startup/startup_stm32f030c8tx.o
 .ARM.attributes
                0x0000000000000191       0x31 Drivers/STM32F0xx_HAL_Driver/Src/stm32f0xx_hal.o
 .ARM.attributes
                0x00000000000001c2       0x31 Drivers/STM32F0xx_HAL_Driver/Src/stm32f0xx_hal_cortex.o
 .ARM.attributes
                0x00000000000001f3       0x31 Drivers/STM32F0xx_HAL_Driver/Src/stm32f0xx_hal_flash.o
 .ARM.attributes
                0x0000000000000224       0x31 Drivers/STM32F0xx_HAL_Driver/Src/stm32f0xx_hal_flash_ex.o
 .ARM.attributes
                0x0000000000000255       0x31 Drivers/STM32F0xx_HAL_Driver/Src/stm32f0xx_hal_gpio.o
 .ARM.attributes
                0x0000000000000286       0x31 Drivers/STM32F0xx_HAL_Driver/Src/stm32f0xx_hal_iwdg.o
 .ARM.attributes
                0x00000000000002b7       0x31 Drivers/STM32F0xx_HAL_Driver/Src/stm32f0xx_hal_rcc.o
 .ARM.attributes
                0x00000000000002e8       0x31 Drivers/STM32F0xx_HAL_Driver/Src/stm32f0xx_hal_tim.o
 .ARM.attributes
                0x0000000000000319       0x31 Drivers/STM32F0xx_HAL_Driver/Src/stm32f0xx_hal_tim_ex.o
 .ARM.attributes
                0x000000000000034a       0x2c c:/st/stm32cubeide_1.3.0/stm32cubeide/plugins/com.st.stm32cube.ide.mcu.externaltools.gnu-tools-for-stm32.7-2018-q2-update.win32_1.0.0.201904181610/tools/bin/../lib/gcc/arm-none-eabi/7.3.1/../../../../arm-none-eabi/lib/thumb/v6-m\libc_nano.a(lib_a-calloc.o)
 .ARM.attributes
                0x0000000000000376       0x2c c:/st/stm32cubeide_1.3.0/stm32cubeide/plugins/com.st.stm32cube.ide.mcu.externaltools.gnu-tools-for-stm32.7-2018-q2-update.win32_1.0.0.201904181610/tools/bin/../lib/gcc/arm-none-eabi/7.3.1/../../../../arm-none-eabi/lib/thumb/v6-m\libc_nano.a(lib_a-errno.o)
 .ARM.attributes
                0x00000000000003a2       0x2c c:/st/stm32cubeide_1.3.0/stm32cubeide/plugins/com.st.stm32cube.ide.mcu.externaltools.gnu-tools-for-stm32.7-2018-q2-update.win32_1.0.0.201904181610/tools/bin/../lib/gcc/arm-none-eabi/7.3.1/../../../../arm-none-eabi/lib/thumb/v6-m\libc_nano.a(lib_a-impure.o)
 .ARM.attributes
                0x00000000000003ce       0x2c c:/st/stm32cubeide_1.3.0/stm32cubeide/plugins/com.st.stm32cube.ide.mcu.externaltools.gnu-tools-for-stm32.7-2018-q2-update.win32_1.0.0.201904181610/tools/bin/../lib/gcc/arm-none-eabi/7.3.1/../../../../arm-none-eabi/lib/thumb/v6-m\libc_nano.a(lib_a-init.o)
 .ARM.attributes
                0x00000000000003fa       0x2c c:/st/stm32cubeide_1.3.0/stm32cubeide/plugins/com.st.stm32cube.ide.mcu.externaltools.gnu-tools-for-stm32.7-2018-q2-update.win32_1.0.0.201904181610/tools/bin/../lib/gcc/arm-none-eabi/7.3.1/../../../../arm-none-eabi/lib/thumb/v6-m\libc_nano.a(lib_a-malloc.o)
 .ARM.attributes
                0x0000000000000426       0x2c c:/st/stm32cubeide_1.3.0/stm32cubeide/plugins/com.st.stm32cube.ide.mcu.externaltools.gnu-tools-for-stm32.7-2018-q2-update.win32_1.0.0.201904181610/tools/bin/../lib/gcc/arm-none-eabi/7.3.1/../../../../arm-none-eabi/lib/thumb/v6-m\libc_nano.a(lib_a-memset.o)
 .ARM.attributes
                0x0000000000000452       0x2c c:/st/stm32cubeide_1.3.0/stm32cubeide/plugins/com.st.stm32cube.ide.mcu.externaltools.gnu-tools-for-stm32.7-2018-q2-update.win32_1.0.0.201904181610/tools/bin/../lib/gcc/arm-none-eabi/7.3.1/../../../../arm-none-eabi/lib/thumb/v6-m\libc_nano.a(lib_a-nano-callocr.o)
 .ARM.attributes
                0x000000000000047e       0x2c c:/st/stm32cubeide_1.3.0/stm32cubeide/plugins/com.st.stm32cube.ide.mcu.externaltools.gnu-tools-for-stm32.7-2018-q2-update.win32_1.0.0.201904181610/tools/bin/../lib/gcc/arm-none-eabi/7.3.1/../../../../arm-none-eabi/lib/thumb/v6-m\libc_nano.a(lib_a-nano-freer.o)
 .ARM.attributes
                0x00000000000004aa       0x2c c:/st/stm32cubeide_1.3.0/stm32cubeide/plugins/com.st.stm32cube.ide.mcu.externaltools.gnu-tools-for-stm32.7-2018-q2-update.win32_1.0.0.201904181610/tools/bin/../lib/gcc/arm-none-eabi/7.3.1/../../../../arm-none-eabi/lib/thumb/v6-m\libc_nano.a(lib_a-nano-mallocr.o)
 .ARM.attributes
                0x00000000000004d6       0x2c c:/st/stm32cubeide_1.3.0/stm32cubeide/plugins/com.st.stm32cube.ide.mcu.externaltools.gnu-tools-for-stm32.7-2018-q2-update.win32_1.0.0.201904181610/tools/bin/../lib/gcc/arm-none-eabi/7.3.1/../../../../arm-none-eabi/lib/thumb/v6-m\libc_nano.a(lib_a-sbrkr.o)
 .ARM.attributes
                0x0000000000000502       0x2c c:/st/stm32cubeide_1.3.0/stm32cubeide/plugins/com.st.stm32cube.ide.mcu.externaltools.gnu-tools-for-stm32.7-2018-q2-update.win32_1.0.0.201904181610/tools/bin/../lib/gcc/arm-none-eabi/7.3.1/../../../../arm-none-eabi/lib/thumb/v6-m\libc_nano.a(lib_a-mlock.o)
 .ARM.attributes
                0x000000000000052e       0x2c c:/st/stm32cubeide_1.3.0/stm32cubeide/plugins/com.st.stm32cube.ide.mcu.externaltools.gnu-tools-for-stm32.7-2018-q2-update.win32_1.0.0.201904181610/tools/bin/../lib/gcc/arm-none-eabi/7.3.1/../../../../arm-none-eabi/lib/thumb/v6-m\libc_nano.a(lib_a-reent.o)
 .ARM.attributes
                0x000000000000055a       0x1e c:/st/stm32cubeide_1.3.0/stm32cubeide/plugins/com.st.stm32cube.ide.mcu.externaltools.gnu-tools-for-stm32.7-2018-q2-update.win32_1.0.0.201904181610/tools/bin/../lib/gcc/arm-none-eabi/7.3.1/thumb/v6-m\libgcc.a(_udivsi3.o)
 .ARM.attributes
                0x0000000000000578       0x1e c:/st/stm32cubeide_1.3.0/stm32cubeide/plugins/com.st.stm32cube.ide.mcu.externaltools.gnu-tools-for-stm32.7-2018-q2-update.win32_1.0.0.201904181610/tools/bin/../lib/gcc/arm-none-eabi/7.3.1/thumb/v6-m\libgcc.a(_divsi3.o)
 .ARM.attributes
                0x0000000000000596       0x1e c:/st/stm32cubeide_1.3.0/stm32cubeide/plugins/com.st.stm32cube.ide.mcu.externaltools.gnu-tools-for-stm32.7-2018-q2-update.win32_1.0.0.201904181610/tools/bin/../lib/gcc/arm-none-eabi/7.3.1/thumb/v6-m\libgcc.a(_dvmd_tls.o)
 .ARM.attributes
                0x00000000000005b4       0x1e c:/st/stm32cubeide_1.3.0/stm32cubeide/plugins/com.st.stm32cube.ide.mcu.externaltools.gnu-tools-for-stm32.7-2018-q2-update.win32_1.0.0.201904181610/tools/bin/../lib/gcc/arm-none-eabi/7.3.1/thumb/v6-m/crtn.o
OUTPUT(test.elf elf32-littlearm)

.debug_info     0x0000000000000000     0x9910
 .debug_info    0x0000000000000000      0x668 Core/Src/controller.o
 .debug_info    0x0000000000000668     0x1062 Core/Src/main.o
 .debug_info    0x00000000000016ca      0x81a Core/Src/stm32f0xx_hal_msp.o
 .debug_info    0x0000000000001ee4      0xc86 Core/Src/stm32f0xx_it.o
 .debug_info    0x0000000000002b6a      0x91c Core/Src/sysmem.o
 .debug_info    0x0000000000003486      0x29e Core/Src/system_stm32f0xx.o
 .debug_info    0x0000000000003724       0x22 Core/Startup/startup_stm32f030c8tx.o
 .debug_info    0x0000000000003746      0x685 Drivers/STM32F0xx_HAL_Driver/Src/stm32f0xx_hal.o
 .debug_info    0x0000000000003dcb      0x762 Drivers/STM32F0xx_HAL_Driver/Src/stm32f0xx_hal_cortex.o
 .debug_info    0x000000000000452d      0x574 Drivers/STM32F0xx_HAL_Driver/Src/stm32f0xx_hal_flash.o
 .debug_info    0x0000000000004aa1      0x75c Drivers/STM32F0xx_HAL_Driver/Src/stm32f0xx_hal_flash_ex.o
 .debug_info    0x00000000000051fd      0x665 Drivers/STM32F0xx_HAL_Driver/Src/stm32f0xx_hal_gpio.o
 .debug_info    0x0000000000005862      0x29c Drivers/STM32F0xx_HAL_Driver/Src/stm32f0xx_hal_iwdg.o
 .debug_info    0x0000000000005afe      0x80a Drivers/STM32F0xx_HAL_Driver/Src/stm32f0xx_hal_rcc.o
 .debug_info    0x0000000000006308     0x2522 Drivers/STM32F0xx_HAL_Driver/Src/stm32f0xx_hal_tim.o
 .debug_info    0x000000000000882a     0x10e6 Drivers/STM32F0xx_HAL_Driver/Src/stm32f0xx_hal_tim_ex.o

.debug_abbrev   0x0000000000000000     0x1c81
 .debug_abbrev  0x0000000000000000      0x1d1 Core/Src/controller.o
 .debug_abbrev  0x00000000000001d1      0x245 Core/Src/main.o
 .debug_abbrev  0x0000000000000416      0x1a6 Core/Src/stm32f0xx_hal_msp.o
 .debug_abbrev  0x00000000000005bc      0x1f1 Core/Src/stm32f0xx_it.o
 .debug_abbrev  0x00000000000007ad      0x1bb Core/Src/sysmem.o
 .debug_abbrev  0x0000000000000968      0x12b Core/Src/system_stm32f0xx.o
 .debug_abbrev  0x0000000000000a93       0x12 Core/Startup/startup_stm32f030c8tx.o
 .debug_abbrev  0x0000000000000aa5      0x1f2 Drivers/STM32F0xx_HAL_Driver/Src/stm32f0xx_hal.o
 .debug_abbrev  0x0000000000000c97      0x273 Drivers/STM32F0xx_HAL_Driver/Src/stm32f0xx_hal_cortex.o
 .debug_abbrev  0x0000000000000f0a      0x205 Drivers/STM32F0xx_HAL_Driver/Src/stm32f0xx_hal_flash.o
 .debug_abbrev  0x000000000000110f      0x1f0 Drivers/STM32F0xx_HAL_Driver/Src/stm32f0xx_hal_flash_ex.o
 .debug_abbrev  0x00000000000012ff      0x1c0 Drivers/STM32F0xx_HAL_Driver/Src/stm32f0xx_hal_gpio.o
 .debug_abbrev  0x00000000000014bf      0x147 Drivers/STM32F0xx_HAL_Driver/Src/stm32f0xx_hal_iwdg.o
 .debug_abbrev  0x0000000000001606      0x20f Drivers/STM32F0xx_HAL_Driver/Src/stm32f0xx_hal_rcc.o
 .debug_abbrev  0x0000000000001815      0x23f Drivers/STM32F0xx_HAL_Driver/Src/stm32f0xx_hal_tim.o
 .debug_abbrev  0x0000000000001a54      0x22d Drivers/STM32F0xx_HAL_Driver/Src/stm32f0xx_hal_tim_ex.o

.debug_aranges  0x0000000000000000      0xaf8
 .debug_aranges
                0x0000000000000000       0x98 Core/Src/controller.o
 .debug_aranges
                0x0000000000000098       0x98 Core/Src/main.o
 .debug_aranges
                0x0000000000000130       0x30 Core/Src/stm32f0xx_hal_msp.o
 .debug_aranges
                0x0000000000000160       0x70 Core/Src/stm32f0xx_it.o
 .debug_aranges
                0x00000000000001d0       0x20 Core/Src/sysmem.o
 .debug_aranges
                0x00000000000001f0       0x28 Core/Src/system_stm32f0xx.o
 .debug_aranges
                0x0000000000000218       0x28 Core/Startup/startup_stm32f030c8tx.o
 .debug_aranges
                0x0000000000000240       0xd0 Drivers/STM32F0xx_HAL_Driver/Src/stm32f0xx_hal.o
 .debug_aranges
                0x0000000000000310       0xc0 Drivers/STM32F0xx_HAL_Driver/Src/stm32f0xx_hal_cortex.o
 .debug_aranges
                0x00000000000003d0       0x88 Drivers/STM32F0xx_HAL_Driver/Src/stm32f0xx_hal_flash.o
 .debug_aranges
                0x0000000000000458       0x98 Drivers/STM32F0xx_HAL_Driver/Src/stm32f0xx_hal_flash_ex.o
 .debug_aranges
                0x00000000000004f0       0x58 Drivers/STM32F0xx_HAL_Driver/Src/stm32f0xx_hal_gpio.o
 .debug_aranges
                0x0000000000000548       0x28 Drivers/STM32F0xx_HAL_Driver/Src/stm32f0xx_hal_iwdg.o
 .debug_aranges
                0x0000000000000570       0x80 Drivers/STM32F0xx_HAL_Driver/Src/stm32f0xx_hal_rcc.o
 .debug_aranges
                0x00000000000005f0      0x3b8 Drivers/STM32F0xx_HAL_Driver/Src/stm32f0xx_hal_tim.o
 .debug_aranges
                0x00000000000009a8      0x150 Drivers/STM32F0xx_HAL_Driver/Src/stm32f0xx_hal_tim_ex.o

.debug_ranges   0x0000000000000000      0xa00
 .debug_ranges  0x0000000000000000       0x88 Core/Src/controller.o
 .debug_ranges  0x0000000000000088       0x88 Core/Src/main.o
 .debug_ranges  0x0000000000000110       0x20 Core/Src/stm32f0xx_hal_msp.o
 .debug_ranges  0x0000000000000130       0x60 Core/Src/stm32f0xx_it.o
 .debug_ranges  0x0000000000000190       0x10 Core/Src/sysmem.o
 .debug_ranges  0x00000000000001a0       0x18 Core/Src/system_stm32f0xx.o
 .debug_ranges  0x00000000000001b8       0x20 Core/Startup/startup_stm32f030c8tx.o
 .debug_ranges  0x00000000000001d8       0xc0 Drivers/STM32F0xx_HAL_Driver/Src/stm32f0xx_hal.o
 .debug_ranges  0x0000000000000298       0xb0 Drivers/STM32F0xx_HAL_Driver/Src/stm32f0xx_hal_cortex.o
 .debug_ranges  0x0000000000000348       0x78 Drivers/STM32F0xx_HAL_Driver/Src/stm32f0xx_hal_flash.o
 .debug_ranges  0x00000000000003c0       0x88 Drivers/STM32F0xx_HAL_Driver/Src/stm32f0xx_hal_flash_ex.o
 .debug_ranges  0x0000000000000448       0x48 Drivers/STM32F0xx_HAL_Driver/Src/stm32f0xx_hal_gpio.o
 .debug_ranges  0x0000000000000490       0x18 Drivers/STM32F0xx_HAL_Driver/Src/stm32f0xx_hal_iwdg.o
 .debug_ranges  0x00000000000004a8       0x70 Drivers/STM32F0xx_HAL_Driver/Src/stm32f0xx_hal_rcc.o
 .debug_ranges  0x0000000000000518      0x3a8 Drivers/STM32F0xx_HAL_Driver/Src/stm32f0xx_hal_tim.o
 .debug_ranges  0x00000000000008c0      0x140 Drivers/STM32F0xx_HAL_Driver/Src/stm32f0xx_hal_tim_ex.o

.debug_macro    0x0000000000000000     0xc554
 .debug_macro   0x0000000000000000      0x1c1 Core/Src/controller.o
 .debug_macro   0x00000000000001c1      0xa48 Core/Src/controller.o
 .debug_macro   0x0000000000000c09      0x133 Core/Src/controller.o
 .debug_macro   0x0000000000000d3c       0x2e Core/Src/controller.o
 .debug_macro   0x0000000000000d6a       0x22 Core/Src/controller.o
 .debug_macro   0x0000000000000d8c       0x22 Core/Src/controller.o
 .debug_macro   0x0000000000000dae       0x8e Core/Src/controller.o
 .debug_macro   0x0000000000000e3c       0x51 Core/Src/controller.o
 .debug_macro   0x0000000000000e8d       0xef Core/Src/controller.o
 .debug_macro   0x0000000000000f7c       0x6a Core/Src/controller.o
 .debug_macro   0x0000000000000fe6      0x1df Core/Src/controller.o
 .debug_macro   0x00000000000011c5       0x1c Core/Src/controller.o
 .debug_macro   0x00000000000011e1       0x22 Core/Src/controller.o
 .debug_macro   0x0000000000001203       0xb5 Core/Src/controller.o
 .debug_macro   0x00000000000012b8      0x391 Core/Src/controller.o
 .debug_macro   0x0000000000001649     0x6f39 Core/Src/controller.o
 .debug_macro   0x0000000000008582       0x3c Core/Src/controller.o
 .debug_macro   0x00000000000085be      0x174 Core/Src/controller.o
 .debug_macro   0x0000000000008732       0x53 Core/Src/controller.o
 .debug_macro   0x0000000000008785      0x924 Core/Src/controller.o
 .debug_macro   0x00000000000090a9      0x17f Core/Src/controller.o
 .debug_macro   0x0000000000009228      0x12f Core/Src/controller.o
 .debug_macro   0x0000000000009357       0xd9 Core/Src/controller.o
 .debug_macro   0x0000000000009430      0x1a0 Core/Src/controller.o
 .debug_macro   0x00000000000095d0      0x1ed Core/Src/controller.o
 .debug_macro   0x00000000000097bd       0x34 Core/Src/controller.o
 .debug_macro   0x00000000000097f1       0x43 Core/Src/controller.o
 .debug_macro   0x0000000000009834       0x28 Core/Src/controller.o
 .debug_macro   0x000000000000985c       0xb0 Core/Src/controller.o
 .debug_macro   0x000000000000990c      0x199 Core/Src/controller.o
 .debug_macro   0x0000000000009aa5      0x22c Core/Src/controller.o
 .debug_macro   0x0000000000009cd1       0x5f Core/Src/controller.o
 .debug_macro   0x0000000000009d30       0xa5 Core/Src/controller.o
 .debug_macro   0x0000000000009dd5       0x85 Core/Src/controller.o
 .debug_macro   0x0000000000009e5a       0x4c Core/Src/controller.o
 .debug_macro   0x0000000000009ea6       0x2b Core/Src/controller.o
 .debug_macro   0x0000000000009ed1      0x8ae Core/Src/controller.o
 .debug_macro   0x000000000000a77f       0x28 Core/Src/controller.o
 .debug_macro   0x000000000000a7a7       0xff Core/Src/controller.o
 .debug_macro   0x000000000000a8a6      0x20e Core/Src/controller.o
 .debug_macro   0x000000000000aab4      0x1cb Core/Src/main.o
 .debug_macro   0x000000000000ac7f      0x1b8 Core/Src/stm32f0xx_hal_msp.o
 .debug_macro   0x000000000000ae37      0x1cb Core/Src/stm32f0xx_it.o
 .debug_macro   0x000000000000b002      0x1ae Core/Src/sysmem.o
 .debug_macro   0x000000000000b1b0      0x23b Core/Src/sysmem.o
 .debug_macro   0x000000000000b3eb       0x16 Core/Src/sysmem.o
 .debug_macro   0x000000000000b401      0x1ae Core/Src/system_stm32f0xx.o
 .debug_macro   0x000000000000b5af      0x1d2 Drivers/STM32F0xx_HAL_Driver/Src/stm32f0xx_hal.o
 .debug_macro   0x000000000000b781      0x1ae Drivers/STM32F0xx_HAL_Driver/Src/stm32f0xx_hal_cortex.o
 .debug_macro   0x000000000000b92f      0x1ae Drivers/STM32F0xx_HAL_Driver/Src/stm32f0xx_hal_flash.o
 .debug_macro   0x000000000000badd      0x1c0 Drivers/STM32F0xx_HAL_Driver/Src/stm32f0xx_hal_flash_ex.o
 .debug_macro   0x000000000000bc9d      0x1e6 Drivers/STM32F0xx_HAL_Driver/Src/stm32f0xx_hal_gpio.o
 .debug_macro   0x000000000000be83      0x1b4 Drivers/STM32F0xx_HAL_Driver/Src/stm32f0xx_hal_iwdg.o
 .debug_macro   0x000000000000c037      0x1c0 Drivers/STM32F0xx_HAL_Driver/Src/stm32f0xx_hal_rcc.o
 .debug_macro   0x000000000000c1f7      0x1af Drivers/STM32F0xx_HAL_Driver/Src/stm32f0xx_hal_tim.o
 .debug_macro   0x000000000000c3a6      0x1ae Drivers/STM32F0xx_HAL_Driver/Src/stm32f0xx_hal_tim_ex.o

.debug_line     0x0000000000000000     0x8dcd
 .debug_line    0x0000000000000000      0x808 Core/Src/controller.o
 .debug_line    0x0000000000000808      0xaa4 Core/Src/main.o
 .debug_line    0x00000000000012ac      0x6bb Core/Src/stm32f0xx_hal_msp.o
 .debug_line    0x0000000000001967      0x806 Core/Src/stm32f0xx_it.o
 .debug_line    0x000000000000216d      0x55e Core/Src/sysmem.o
 .debug_line    0x00000000000026cb      0x69b Core/Src/system_stm32f0xx.o
 .debug_line    0x0000000000002d66       0x89 Core/Startup/startup_stm32f030c8tx.o
 .debug_line    0x0000000000002def      0x837 Drivers/STM32F0xx_HAL_Driver/Src/stm32f0xx_hal.o
 .debug_line    0x0000000000003626      0x84f Drivers/STM32F0xx_HAL_Driver/Src/stm32f0xx_hal_cortex.o
 .debug_line    0x0000000000003e75      0x841 Drivers/STM32F0xx_HAL_Driver/Src/stm32f0xx_hal_flash.o
 .debug_line    0x00000000000046b6      0x897 Drivers/STM32F0xx_HAL_Driver/Src/stm32f0xx_hal_flash_ex.o
 .debug_line    0x0000000000004f4d      0x7fc Drivers/STM32F0xx_HAL_Driver/Src/stm32f0xx_hal_gpio.o
 .debug_line    0x0000000000005749      0x6b4 Drivers/STM32F0xx_HAL_Driver/Src/stm32f0xx_hal_iwdg.o
 .debug_line    0x0000000000005dfd      0x8f8 Drivers/STM32F0xx_HAL_Driver/Src/stm32f0xx_hal_rcc.o
 .debug_line    0x00000000000066f5     0x1a5a Drivers/STM32F0xx_HAL_Driver/Src/stm32f0xx_hal_tim.o
 .debug_line    0x000000000000814f      0xc7e Drivers/STM32F0xx_HAL_Driver/Src/stm32f0xx_hal_tim_ex.o

.debug_str      0x0000000000000000    0x49cc6
 .debug_str     0x0000000000000000    0x4259c Core/Src/controller.o
                                      0x427c6 (size before relaxing)
 .debug_str     0x000000000004259c      0xb6e Core/Src/main.o
                                      0x43219 (size before relaxing)
 .debug_str     0x000000000004310a       0x62 Core/Src/stm32f0xx_hal_msp.o
                                      0x423f2 (size before relaxing)
 .debug_str     0x000000000004316c      0x296 Core/Src/stm32f0xx_it.o
                                      0x42ea6 (size before relaxing)
 .debug_str     0x0000000000043402     0x452e Core/Src/sysmem.o
                                       0x7a32 (size before relaxing)
 .debug_str     0x0000000000047930       0x5f Core/Src/system_stm32f0xx.o
                                      0x41eab (size before relaxing)
 .debug_str     0x000000000004798f       0x36 Core/Startup/startup_stm32f030c8tx.o
                                         0x5d (size before relaxing)
 .debug_str     0x00000000000479c5      0x39c Drivers/STM32F0xx_HAL_Driver/Src/stm32f0xx_hal.o
                                      0x423b7 (size before relaxing)
 .debug_str     0x0000000000047d61      0x220 Drivers/STM32F0xx_HAL_Driver/Src/stm32f0xx_hal_cortex.o
                                      0x4226b (size before relaxing)
 .debug_str     0x0000000000047f81      0x28e Drivers/STM32F0xx_HAL_Driver/Src/stm32f0xx_hal_flash.o
                                      0x42166 (size before relaxing)
 .debug_str     0x000000000004820f      0x2da Drivers/STM32F0xx_HAL_Driver/Src/stm32f0xx_hal_flash_ex.o
                                      0x422c8 (size before relaxing)
 .debug_str     0x00000000000484e9      0x213 Drivers/STM32F0xx_HAL_Driver/Src/stm32f0xx_hal_gpio.o
                                      0x42147 (size before relaxing)
 .debug_str     0x00000000000486fc       0x75 Drivers/STM32F0xx_HAL_Driver/Src/stm32f0xx_hal_iwdg.o
                                      0x41f12 (size before relaxing)
 .debug_str     0x0000000000048771      0x249 Drivers/STM32F0xx_HAL_Driver/Src/stm32f0xx_hal_rcc.o
                                      0x422b5 (size before relaxing)
 .debug_str     0x00000000000489ba      0xddd Drivers/STM32F0xx_HAL_Driver/Src/stm32f0xx_hal_tim.o
                                      0x430a4 (size before relaxing)
 .debug_str     0x0000000000049797      0x52f Drivers/STM32F0xx_HAL_Driver/Src/stm32f0xx_hal_tim_ex.o
                                      0x42858 (size before relaxing)

.comment        0x0000000000000000       0x7b
 .comment       0x0000000000000000       0x7b Core/Src/controller.o
                                         0x7c (size before relaxing)
 .comment       0x000000000000007b       0x7c Core/Src/main.o
 .comment       0x000000000000007b       0x7c Core/Src/stm32f0xx_hal_msp.o
 .comment       0x000000000000007b       0x7c Core/Src/stm32f0xx_it.o
 .comment       0x000000000000007b       0x7c Core/Src/sysmem.o
 .comment       0x000000000000007b       0x7c Core/Src/system_stm32f0xx.o
 .comment       0x000000000000007b       0x7c Drivers/STM32F0xx_HAL_Driver/Src/stm32f0xx_hal.o
 .comment       0x000000000000007b       0x7c Drivers/STM32F0xx_HAL_Driver/Src/stm32f0xx_hal_cortex.o
 .comment       0x000000000000007b       0x7c Drivers/STM32F0xx_HAL_Driver/Src/stm32f0xx_hal_flash.o
 .comment       0x000000000000007b       0x7c Drivers/STM32F0xx_HAL_Driver/Src/stm32f0xx_hal_flash_ex.o
 .comment       0x000000000000007b       0x7c Drivers/STM32F0xx_HAL_Driver/Src/stm32f0xx_hal_gpio.o
 .comment       0x000000000000007b       0x7c Drivers/STM32F0xx_HAL_Driver/Src/stm32f0xx_hal_iwdg.o
 .comment       0x000000000000007b       0x7c Drivers/STM32F0xx_HAL_Driver/Src/stm32f0xx_hal_rcc.o
 .comment       0x000000000000007b       0x7c Drivers/STM32F0xx_HAL_Driver/Src/stm32f0xx_hal_tim.o
 .comment       0x000000000000007b       0x7c Drivers/STM32F0xx_HAL_Driver/Src/stm32f0xx_hal_tim_ex.o

.debug_frame    0x0000000000000000     0x2804
 .debug_frame   0x0000000000000000      0x208 Core/Src/controller.o
 .debug_frame   0x0000000000000208      0x1e4 Core/Src/main.o
 .debug_frame   0x00000000000003ec       0x70 Core/Src/stm32f0xx_hal_msp.o
 .debug_frame   0x000000000000045c      0x150 Core/Src/stm32f0xx_it.o
 .debug_frame   0x00000000000005ac       0x30 Core/Src/sysmem.o
 .debug_frame   0x00000000000005dc       0x4c Core/Src/system_stm32f0xx.o
 .debug_frame   0x0000000000000628      0x2a4 Drivers/STM32F0xx_HAL_Driver/Src/stm32f0xx_hal.o
 .debug_frame   0x00000000000008cc      0x2a0 Drivers/STM32F0xx_HAL_Driver/Src/stm32f0xx_hal_cortex.o
 .debug_frame   0x0000000000000b6c      0x1c4 Drivers/STM32F0xx_HAL_Driver/Src/stm32f0xx_hal_flash.o
 .debug_frame   0x0000000000000d30      0x220 Drivers/STM32F0xx_HAL_Driver/Src/stm32f0xx_hal_flash_ex.o
 .debug_frame   0x0000000000000f50      0x110 Drivers/STM32F0xx_HAL_Driver/Src/stm32f0xx_hal_gpio.o
 .debug_frame   0x0000000000001060       0x50 Drivers/STM32F0xx_HAL_Driver/Src/stm32f0xx_hal_iwdg.o
 .debug_frame   0x00000000000010b0      0x198 Drivers/STM32F0xx_HAL_Driver/Src/stm32f0xx_hal_rcc.o
 .debug_frame   0x0000000000001248      0xe90 Drivers/STM32F0xx_HAL_Driver/Src/stm32f0xx_hal_tim.o
 .debug_frame   0x00000000000020d8      0x4f0 Drivers/STM32F0xx_HAL_Driver/Src/stm32f0xx_hal_tim_ex.o
 .debug_frame   0x00000000000025c8       0x28 c:/st/stm32cubeide_1.3.0/stm32cubeide/plugins/com.st.stm32cube.ide.mcu.externaltools.gnu-tools-for-stm32.7-2018-q2-update.win32_1.0.0.201904181610/tools/bin/../lib/gcc/arm-none-eabi/7.3.1/../../../../arm-none-eabi/lib/thumb/v6-m\libc_nano.a(lib_a-calloc.o)
 .debug_frame   0x00000000000025f0       0x20 c:/st/stm32cubeide_1.3.0/stm32cubeide/plugins/com.st.stm32cube.ide.mcu.externaltools.gnu-tools-for-stm32.7-2018-q2-update.win32_1.0.0.201904181610/tools/bin/../lib/gcc/arm-none-eabi/7.3.1/../../../../arm-none-eabi/lib/thumb/v6-m\libc_nano.a(lib_a-errno.o)
 .debug_frame   0x0000000000002610       0x2c c:/st/stm32cubeide_1.3.0/stm32cubeide/plugins/com.st.stm32cube.ide.mcu.externaltools.gnu-tools-for-stm32.7-2018-q2-update.win32_1.0.0.201904181610/tools/bin/../lib/gcc/arm-none-eabi/7.3.1/../../../../arm-none-eabi/lib/thumb/v6-m\libc_nano.a(lib_a-init.o)
 .debug_frame   0x000000000000263c       0x40 c:/st/stm32cubeide_1.3.0/stm32cubeide/plugins/com.st.stm32cube.ide.mcu.externaltools.gnu-tools-for-stm32.7-2018-q2-update.win32_1.0.0.201904181610/tools/bin/../lib/gcc/arm-none-eabi/7.3.1/../../../../arm-none-eabi/lib/thumb/v6-m\libc_nano.a(lib_a-malloc.o)
 .debug_frame   0x000000000000267c       0x20 c:/st/stm32cubeide_1.3.0/stm32cubeide/plugins/com.st.stm32cube.ide.mcu.externaltools.gnu-tools-for-stm32.7-2018-q2-update.win32_1.0.0.201904181610/tools/bin/../lib/gcc/arm-none-eabi/7.3.1/../../../../arm-none-eabi/lib/thumb/v6-m\libc_nano.a(lib_a-memset.o)
 .debug_frame   0x000000000000269c       0x2c c:/st/stm32cubeide_1.3.0/stm32cubeide/plugins/com.st.stm32cube.ide.mcu.externaltools.gnu-tools-for-stm32.7-2018-q2-update.win32_1.0.0.201904181610/tools/bin/../lib/gcc/arm-none-eabi/7.3.1/../../../../arm-none-eabi/lib/thumb/v6-m\libc_nano.a(lib_a-nano-callocr.o)
 .debug_frame   0x00000000000026c8       0x2c c:/st/stm32cubeide_1.3.0/stm32cubeide/plugins/com.st.stm32cube.ide.mcu.externaltools.gnu-tools-for-stm32.7-2018-q2-update.win32_1.0.0.201904181610/tools/bin/../lib/gcc/arm-none-eabi/7.3.1/../../../../arm-none-eabi/lib/thumb/v6-m\libc_nano.a(lib_a-nano-freer.o)
 .debug_frame   0x00000000000026f4       0x2c c:/st/stm32cubeide_1.3.0/stm32cubeide/plugins/com.st.stm32cube.ide.mcu.externaltools.gnu-tools-for-stm32.7-2018-q2-update.win32_1.0.0.201904181610/tools/bin/../lib/gcc/arm-none-eabi/7.3.1/../../../../arm-none-eabi/lib/thumb/v6-m\libc_nano.a(lib_a-nano-mallocr.o)
 .debug_frame   0x0000000000002720       0x2c c:/st/stm32cubeide_1.3.0/stm32cubeide/plugins/com.st.stm32cube.ide.mcu.externaltools.gnu-tools-for-stm32.7-2018-q2-update.win32_1.0.0.201904181610/tools/bin/../lib/gcc/arm-none-eabi/7.3.1/../../../../arm-none-eabi/lib/thumb/v6-m\libc_nano.a(lib_a-sbrkr.o)
 .debug_frame   0x000000000000274c       0x30 c:/st/stm32cubeide_1.3.0/stm32cubeide/plugins/com.st.stm32cube.ide.mcu.externaltools.gnu-tools-for-stm32.7-2018-q2-update.win32_1.0.0.201904181610/tools/bin/../lib/gcc/arm-none-eabi/7.3.1/../../../../arm-none-eabi/lib/thumb/v6-m\libc_nano.a(lib_a-mlock.o)
 .debug_frame   0x000000000000277c       0x48 c:/st/stm32cubeide_1.3.0/stm32cubeide/plugins/com.st.stm32cube.ide.mcu.externaltools.gnu-tools-for-stm32.7-2018-q2-update.win32_1.0.0.201904181610/tools/bin/../lib/gcc/arm-none-eabi/7.3.1/../../../../arm-none-eabi/lib/thumb/v6-m\libc_nano.a(lib_a-reent.o)
 .debug_frame   0x00000000000027c4       0x20 c:/st/stm32cubeide_1.3.0/stm32cubeide/plugins/com.st.stm32cube.ide.mcu.externaltools.gnu-tools-for-stm32.7-2018-q2-update.win32_1.0.0.201904181610/tools/bin/../lib/gcc/arm-none-eabi/7.3.1/thumb/v6-m\libgcc.a(_udivsi3.o)
 .debug_frame   0x00000000000027e4       0x20 c:/st/stm32cubeide_1.3.0/stm32cubeide/plugins/com.st.stm32cube.ide.mcu.externaltools.gnu-tools-for-stm32.7-2018-q2-update.win32_1.0.0.201904181610/tools/bin/../lib/gcc/arm-none-eabi/7.3.1/thumb/v6-m\libgcc.a(_divsi3.o)
