Archive member included to satisfy reference by file (symbol)

c:/st/stm32cubeide_1.3.0/stm32cubeide/plugins/com.st.stm32cube.ide.mcu.externaltools.gnu-tools-for-stm32.7-2018-q2-update.win32_1.0.0.201904181610/tools/bin/../lib/gcc/arm-none-eabi/7.3.1/../../../../arm-none-eabi/lib/thumb/v6-m\libc_nano.a(lib_a-errno.o)
                              Core/Src/syscalls.o (__errno)
c:/st/stm32cubeide_1.3.0/stm32cubeide/plugins/com.st.stm32cube.ide.mcu.externaltools.gnu-tools-for-stm32.7-2018-q2-update.win32_1.0.0.201904181610/tools/bin/../lib/gcc/arm-none-eabi/7.3.1/../../../../arm-none-eabi/lib/thumb/v6-m\libc_nano.a(lib_a-exit.o)
                              c:/st/stm32cubeide_1.3.0/stm32cubeide/plugins/com.st.stm32cube.ide.mcu.externaltools.gnu-tools-for-stm32.7-2018-q2-update.win32_1.0.0.201904181610/tools/bin/../lib/gcc/arm-none-eabi/7.3.1/../../../../arm-none-eabi/lib/thumb/v6-m/crt0.o (exit)
c:/st/stm32cubeide_1.3.0/stm32cubeide/plugins/com.st.stm32cube.ide.mcu.externaltools.gnu-tools-for-stm32.7-2018-q2-update.win32_1.0.0.201904181610/tools/bin/../lib/gcc/arm-none-eabi/7.3.1/../../../../arm-none-eabi/lib/thumb/v6-m\libc_nano.a(lib_a-impure.o)
                              c:/st/stm32cubeide_1.3.0/stm32cubeide/plugins/com.st.stm32cube.ide.mcu.externaltools.gnu-tools-for-stm32.7-2018-q2-update.win32_1.0.0.201904181610/tools/bin/../lib/gcc/arm-none-eabi/7.3.1/../../../../arm-none-eabi/lib/thumb/v6-m\libc_nano.a(lib_a-exit.o) (_global_impure_ptr)
c:/st/stm32cubeide_1.3.0/stm32cubeide/plugins/com.st.stm32cube.ide.mcu.externaltools.gnu-tools-for-stm32.7-2018-q2-update.win32_1.0.0.201904181610/tools/bin/../lib/gcc/arm-none-eabi/7.3.1/../../../../arm-none-eabi/lib/thumb/v6-m\libc_nano.a(lib_a-init.o)
                              c:/st/stm32cubeide_1.3.0/stm32cubeide/plugins/com.st.stm32cube.ide.mcu.externaltools.gnu-tools-for-stm32.7-2018-q2-update.win32_1.0.0.201904181610/tools/bin/../lib/gcc/arm-none-eabi/7.3.1/../../../../arm-none-eabi/lib/thumb/v6-m/crt0.o (__libc_init_array)
c:/st/stm32cubeide_1.3.0/stm32cubeide/plugins/com.st.stm32cube.ide.mcu.externaltools.gnu-tools-for-stm32.7-2018-q2-update.win32_1.0.0.201904181610/tools/bin/../lib/gcc/arm-none-eabi/7.3.1/../../../../arm-none-eabi/lib/thumb/v6-m\libc_nano.a(lib_a-memset.o)
                              c:/st/stm32cubeide_1.3.0/stm32cubeide/plugins/com.st.stm32cube.ide.mcu.externaltools.gnu-tools-for-stm32.7-2018-q2-update.win32_1.0.0.201904181610/tools/bin/../lib/gcc/arm-none-eabi/7.3.1/../../../../arm-none-eabi/lib/thumb/v6-m/crt0.o (memset)
c:/st/stm32cubeide_1.3.0/stm32cubeide/plugins/com.st.stm32cube.ide.mcu.externaltools.gnu-tools-for-stm32.7-2018-q2-update.win32_1.0.0.201904181610/tools/bin/../lib/gcc/arm-none-eabi/7.3.1/thumb/v6-m\libgcc.a(_udivsi3.o)
                              Core/Src/controller.o (__aeabi_uidiv)
c:/st/stm32cubeide_1.3.0/stm32cubeide/plugins/com.st.stm32cube.ide.mcu.externaltools.gnu-tools-for-stm32.7-2018-q2-update.win32_1.0.0.201904181610/tools/bin/../lib/gcc/arm-none-eabi/7.3.1/thumb/v6-m\libgcc.a(_divsi3.o)
                              Core/Src/controller.o (__aeabi_idiv)
c:/st/stm32cubeide_1.3.0/stm32cubeide/plugins/com.st.stm32cube.ide.mcu.externaltools.gnu-tools-for-stm32.7-2018-q2-update.win32_1.0.0.201904181610/tools/bin/../lib/gcc/arm-none-eabi/7.3.1/thumb/v6-m\libgcc.a(_dvmd_tls.o)
                              c:/st/stm32cubeide_1.3.0/stm32cubeide/plugins/com.st.stm32cube.ide.mcu.externaltools.gnu-tools-for-stm32.7-2018-q2-update.win32_1.0.0.201904181610/tools/bin/../lib/gcc/arm-none-eabi/7.3.1/thumb/v6-m\libgcc.a(_udivsi3.o) (__aeabi_idiv0)

Allocating common symbols
Common symbol       size              file

pump_status_flag    0x1               Core/Src/stm32f0xx_it.o
OCB_time            0x4               Core/Src/main.o
ocb_button_flag     0x1               Core/Src/stm32f0xx_it.o
dislay_status_erro_cnt
                    0x1               Core/Src/main.o
lock_end_dislay_flag
                    0x1               Core/Src/stm32f0xx_it.o
dislay_erro_trigger
                    0x1               Core/Src/stm32f0xx_it.o
RO_Out_Time_Flag    0x1               Core/Src/controller.o
PP1_time_p          0x3               Core/Src/main.o
RO_Out_Time_Trigger_off
                    0x1               Core/Src/stm32f0xx_it.o
Write_Flash_flag    0x1               Core/Src/stm32f0xx_it.o
RO_time             0x4               Core/Src/main.o
led_fan_flag        0x1               Core/Src/stm32f0xx_it.o
RO_Out_Time_Flag_off
                    0x1               Core/Src/stm32f0xx_it.o
out_time_machine_flag
                    0x1               Core/Src/stm32f0xx_it.o
uwTick              0x4               Drivers/STM32F0xx_HAL_Driver/Src/stm32f0xx_hal.o
CTO_Out_Time_Flag   0x1               Core/Src/controller.o
ro_button_flag      0x1               Core/Src/stm32f0xx_it.o
PP_Out_Time_Flag_off
                    0x1               Core/Src/stm32f0xx_it.o
[...]
Memory Configuration

Name             Origin             Length             Attributes
RAM              0x0000000020000000 0x0000000000002000 xrw
FLASH            0x0000000008000000 0x0000000000010000 xr
*default*        0x0000000000000000 0xffffffffffffffff

Linker script and memory map

LOAD c:/st/stm32cubeide_1.3.0/stm32cubeide/plugins/com.st.stm32cube.ide.mcu.externaltools.gnu-tools-for-stm32.7-2018-q2-update.win32_1.0.0.201904181610/tools/bin/../lib/gcc/arm-none-eabi/7.3.1/thumb/v6-m/crti.o
LOAD c:/st/stm32cubeide_1.3.0/stm32cubeide/plugins/com.st.stm32cube.ide.mcu.externaltools.gnu-tools-for-stm32.7-2018-q2-update.win32_1.0.0.201904181610/tools/bin/../lib/gcc/arm-none-eabi/7.3.1/thumb/v6-m/crtbegin.o
LOAD c:/st/stm32cubeide_1.3.0/stm32cubeide/plugins/com.st.stm32cube.ide.mcu.externaltools.gnu-tools-for-stm32.7-2018-q2-update.win32_1.0.0.201904181610/tools/bin/../lib/gcc/arm-none-eabi/7.3.1/../../../../arm-none-eabi/lib/thumb/v6-m/crt0.o
LOAD Core/Src/controller.o
LOAD Core/Src/main.o
LOAD Core/Src/stm32f0xx_hal_msp.o
LOAD Core/Src/stm32f0xx_it.o
LOAD Core/Src/syscalls.o
LOAD Core/Src/sysmem.o
LOAD Core/Src/system_stm32f0xx.o
LOAD Core/Startup/startup_stm32f030c8tx.o
LOAD Drivers/STM32F0xx_HAL_Driver/Src/stm32f0xx_hal.o
LOAD Drivers/STM32F0xx_HAL_Driver/Src/stm32f0xx_hal_cortex.o
LOAD Drivers/STM32F0xx_HAL_Driver/Src/stm32f0xx_hal_dma.o
LOAD Drivers/STM32F0xx_HAL_Driver/Src/stm32f0xx_hal_exti.o
LOAD Drivers/STM32F0xx_HAL_Driver/Src/stm32f0xx_hal_flash.o
LOAD Drivers/STM32F0xx_HAL_Driver/Src/stm32f0xx_hal_flash_ex.o
LOAD Drivers/STM32F0xx_HAL_Driver/Src/stm32f0xx_hal_gpio.o
LOAD Drivers/STM32F0xx_HAL_Driver/Src/stm32f0xx_hal_i2c.o
LOAD Drivers/STM32F0xx_HAL_Driver/Src/stm32f0xx_hal_i2c_ex.o
LOAD Drivers/STM32F0xx_HAL_Driver/Src/stm32f0xx_hal_pwr.o
LOAD Drivers/STM32F0xx_HAL_Driver/Src/stm32f0xx_hal_pwr_ex.o
LOAD Drivers/STM32F0xx_HAL_Driver/Src/stm32f0xx_hal_rcc.o
LOAD Drivers/STM32F0xx_HAL_Driver/Src/stm32f0xx_hal_rcc_ex.o
LOAD Drivers/STM32F0xx_HAL_Driver/Src/stm32f0xx_hal_tim.o
LOAD Drivers/STM32F0xx_HAL_Driver/Src/stm32f0xx_hal_tim_ex.o
START GROUP
LOAD c:/st/stm32cubeide_1.3.0/stm32cubeide/plugins/com.st.stm32cube.ide.mcu.externaltools.gnu-tools-for-stm32.7-2018-q2-update.win32_1.0.0.201904181610/tools/bin/../lib/gcc/arm-none-eabi/7.3.1/../../../../arm-none-eabi/lib/thumb/v6-m\libc_nano.a
LOAD c:/st/stm32cubeide_1.3.0/stm32cubeide/plugins/com.st.stm32cube.ide.mcu.externaltools.gnu-tools-for-stm32.7-2018-q2-update.win32_1.0.0.201904181610/tools/bin/../lib/gcc/arm-none-eabi/7.3.1/../../../../arm-none-eabi/lib/thumb/v6-m\libm.a
END GROUP
START GROUP
LOAD c:/st/stm32cubeide_1.3.0/stm32cubeide/plugins/com.st.stm32cube.ide.mcu.externaltools.gnu-tools-for-stm32.7-2018-q2-update.win32_1.0.0.201904181610/tools/bin/../lib/gcc/arm-none-eabi/7.3.1/thumb/v6-m\libgcc.a
LOAD c:/st/stm32cubeide_1.3.0/stm32cubeide/plugins/com.st.stm32cube.ide.mcu.externaltools.gnu-tools-for-stm32.7-2018-q2-update.win32_1.0.0.201904181610/tools/bin/../lib/gcc/arm-none-eabi/7.3.1/../../../../arm-none-eabi/lib/thumb/v6-m\libc_nano.a
END GROUP
START GROUP
LOAD c:/st/stm32cubeide_1.3.0/stm32cubeide/plugins/com.st.stm32cube.ide.mcu.externaltools.gnu-tools-for-stm32.7-2018-q2-update.win32_1.0.0.201904181610/tools/bin/../lib/gcc/arm-none-eabi/7.3.1/thumb/v6-m\libgcc.a
LOAD c:/st/stm32cubeide_1.3.0/stm32cubeide/plugins/com.st.stm32cube.ide.mcu.externaltools.gnu-tools-for-stm32.7-2018-q2-update.win32_1.0.0.201904181610/tools/bin/../lib/gcc/arm-none-eabi/7.3.1/../../../../arm-none-eabi/lib/thumb/v6-m\libc_nano.a
LOAD c:/st/stm32cubeide_1.3.0/stm32cubeide/plugins/com.st.stm32cube.ide.mcu.externaltools.gnu-tools-for-stm32.7-2018-q2-update.win32_1.0.0.201904181610/tools/bin/../lib/gcc/arm-none-eabi/7.3.1/../../../../arm-none-eabi/lib/thumb/v6-m\libnosys.a
END GROUP
START GROUP
LOAD c:/st/stm32cubeide_1.3.0/stm32cubeide/plugins/com.st.stm32cube.ide.mcu.externaltools.gnu-tools-for-stm32.7-2018-q2-update.win32_1.0.0.201904181610/tools/bin/../lib/gcc/arm-none-eabi/7.3.1/thumb/v6-m\libgcc.a
LOAD c:/st/stm32cubeide_1.3.0/stm32cubeide/plugins/com.st.stm32cube.ide.mcu.externaltools.gnu-tools-for-stm32.7-2018-q2-update.win32_1.0.0.201904181610/tools/bin/../lib/gcc/arm-none-eabi/7.3.1/../../../../arm-none-eabi/lib/thumb/v6-m\libc_nano.a
LOAD c:/st/stm32cubeide_1.3.0/stm32cubeide/plugins/com.st.stm32cube.ide.mcu.externaltools.gnu-tools-for-stm32.7-2018-q2-update.win32_1.0.0.201904181610/tools/bin/../lib/gcc/arm-none-eabi/7.3.1/../../../../arm-none-eabi/lib/thumb/v6-m\libnosys.a
END GROUP
LOAD c:/st/stm32cubeide_1.3.0/stm32cubeide/plugins/com.st.stm32cube.ide.mcu.externaltools.gnu-tools-for-stm32.7-2018-q2-update.win32_1.0.0.201904181610/tools/bin/../lib/gcc/arm-none-eabi/7.3.1/thumb/v6-m/crtend.o
LOAD c:/st/stm32cubeide_1.3.0/stm32cubeide/plugins/com.st.stm32cube.ide.mcu.externaltools.gnu-tools-for-stm32.7-2018-q2-update.win32_1.0.0.201904181610/tools/bin/../lib/gcc/arm-none-eabi/7.3.1/thumb/v6-m/crtn.o
                0x0000000020002000                _estack = (ORIGIN (RAM) + LENGTH (RAM))
                0x0000000000000200                _Min_Heap_Size = 0x200
                0x0000000000000400                _Min_Stack_Size = 0x400

.isr_vector     0x0000000008000000       0xc0
                0x0000000008000000                . = ALIGN (0x4)
 *(.isr_vector)
 .isr_vector    0x0000000008000000       0xc0 Core/Startup/startup_stm32f030c8tx.o
                0x0000000008000000                g_pfnVectors
                0x00000000080000c0                . = ALIGN (0x4)

.text           0x00000000080000c0     0x3b04
                0x00000000080000c0                . = ALIGN (0x4)
 *(.text)
 .text          0x00000000080000c0       0x48 c:/st/stm32cubeide_1.3.0/stm32cubeide/plugins/com.st.stm32cube.ide.mcu.externaltools.gnu-tools-for-stm32.7-2018-q2-update.win32_1.0.0.201904181610/tools/bin/../lib/gcc/arm-none-eabi/7.3.1/thumb/v6-m/crtbegin.o
 .text          0x0000000008000108      0x114 c:/st/stm32cubeide_1.3.0/stm32cubeide/plugins/com.st.stm32cube.ide.mcu.externaltools.gnu-tools-for-stm32.7-2018-q2-update.win32_1.0.0.201904181610/tools/bin/../lib/gcc/arm-none-eabi/7.3.1/thumb/v6-m\libgcc.a(_udivsi3.o)
                0x0000000008000108                __aeabi_uidiv
                0x0000000008000108                __udivsi3
                0x0000000008000214                __aeabi_uidivmod
 .text          0x000000000800021c      0x1d4 c:/st/stm32cubeide_1.3.0/stm32cubeide/plugins/com.st.stm32cube.ide.mcu.externaltools.gnu-tools-for-stm32.7-2018-q2-update.win32_1.0.0.201904181610/tools/bin/../lib/gcc/arm-none-eabi/7.3.1/thumb/v6-m\libgcc.a(_divsi3.o)
                0x000000000800021c                __divsi3
                0x000000000800021c                __aeabi_idiv
                0x00000000080003e8                __aeabi_idivmod
 .text          0x00000000080003f0        0x4 c:/st/stm32cubeide_1.3.0/stm32cubeide/plugins/com.st.stm32cube.ide.mcu.externaltools.gnu-tools-for-stm32.7-2018-q2-update.win32_1.0.0.201904181610/tools/bin/../lib/gcc/arm-none-eabi/7.3.1/thumb/v6-m\libgcc.a(_dvmd_tls.o)
                0x00000000080003f0                __aeabi_idiv0
                0x00000000080003f0                __aeabi_ldiv0
 *(.text*)
 .text.time_to_array
                0x00000000080003f4       0x7c Core/Src/controller.o
                0x00000000080003f4                time_to_array
 .text.to_mess  0x0000000008000470       0x90 Core/Src/controller.o
                0x0000000008000470                to_mess
 .text.increase_time
                0x0000000008000500       0xb0 Core/Src/controller.o
                0x0000000008000500                increase_time
 .text.Ghi_data
                0x00000000080005b0       0xe4 Core/Src/controller.o
                0x00000000080005b0                Ghi_data
 .text.read_Flash
                0x0000000008000694       0x18 Core/Src/controller.o
                0x0000000008000694                read_Flash
 .text.Controller_Display_Mess
                0x00000000080006ac       0x8c Core/Src/controller.o
                0x00000000080006ac                Controller_Display_Mess
 .text.Activate_LED7_1
                0x0000000008000738       0x38 Core/Src/controller.o
 .text.Activate_LED7_2
                0x0000000008000770       0x38 Core/Src/controller.o
 .text.Activate_LED7_3
                0x00000000080007a8       0x38 Core/Src/controller.o
 .text.Activate_Segment_A
                0x00000000080007e0       0x24 Core/Src/controller.o
 .text.Activate_Segment_B
                0x0000000008000804       0x24 Core/Src/controller.o
 .text.Activate_Segment_C
                0x0000000008000828       0x22 Core/Src/controller.o
 .text.Activate_Segment_D
                0x000000000800084a       0x22 Core/Src/controller.o
 .text.Activate_Segment_E
                0x000000000800086c       0x22 Core/Src/controller.o
 .text.Activate_Segment_F
                0x000000000800088e       0x22 Core/Src/controller.o
 .text.Activate_Segment_G
                0x00000000080008b0       0x22 Core/Src/controller.o
 *fill*         0x00000000080008d2        0x2 
 .text.check_out_time_machine
                0x00000000080008d4       0x68 Core/Src/main.o
                0x00000000080008d4                check_out_time_machine
 .text.write_Flash_Timer
                0x000000000800093c       0x54 Core/Src/main.o
                0x000000000800093c                write_Flash_Timer
 .text.display  0x0000000008000990       0xa4 Core/Src/main.o
                0x0000000008000990                display
 .text.clear_timer_fillter
                0x0000000008000a34      0x1b8 Core/Src/main.o
                0x0000000008000a34                clear_timer_fillter
 .text.display_erro
                0x0000000008000bec      0x3c8 Core/Src/main.o
                0x0000000008000bec                display_erro
 .text.out_time_fillter
                0x0000000008000fb4      0x174 Core/Src/main.o
                0x0000000008000fb4                out_time_fillter
 .text.on_end_display
                0x0000000008001128       0x84 Core/Src/main.o
                0x0000000008001128                on_end_display
 .text.led_fan_action
                0x00000000080011ac       0xfc Core/Src/main.o
                0x00000000080011ac                led_fan_action
 .text.led_tanks_full
                0x00000000080012a8      0x124 Core/Src/main.o
                0x00000000080012a8                led_tanks_full
 .text.main     0x00000000080013cc      0x2b0 Core/Src/main.o
                0x00000000080013cc                main
 .text.SystemClock_Config
                0x000000000800167c       0x78 Core/Src/main.o
                0x000000000800167c                SystemClock_Config
 .text.MX_TIM3_Init
                0x00000000080016f4       0xac Core/Src/main.o
 .text.MX_TIM6_Init
                0x00000000080017a0       0x44 Core/Src/main.o
 .text.MX_GPIO_Init
                0x00000000080017e4      0x190 Core/Src/main.o
 .text.Error_Handler
                0x0000000008001974        0xa Core/Src/main.o
                0x0000000008001974                Error_Handler
 *fill*         0x000000000800197e        0x2 
 .text.HAL_MspInit
                0x0000000008001980       0x48 Core/Src/stm32f0xx_hal_msp.o
                0x0000000008001980                HAL_MspInit
 .text.HAL_TIM_Base_MspInit
                0x00000000080019c8       0x84 Core/Src/stm32f0xx_hal_msp.o
                0x00000000080019c8                HAL_TIM_Base_MspInit
 .text.timer    0x0000000008001a4c       0x4c Core/Src/stm32f0xx_it.o
                0x0000000008001a4c                timer
 .text.timer2   0x0000000008001a98       0x6c Core/Src/stm32f0xx_it.o
                0x0000000008001a98                timer2
 .text.NMI_Handler
                0x0000000008001b04        0xa Core/Src/stm32f0xx_it.o
                0x0000000008001b04                NMI_Handler
 .text.HardFault_Handler
                0x0000000008001b0e        0x6 Core/Src/stm32f0xx_it.o
                0x0000000008001b0e                HardFault_Handler
 .text.SVC_Handler
                0x0000000008001b14        0xa Core/Src/stm32f0xx_it.o
                0x0000000008001b14                SVC_Handler
 .text.PendSV_Handler
                0x0000000008001b1e        0xa Core/Src/stm32f0xx_it.o
                0x0000000008001b1e                PendSV_Handler
 .text.SysTick_Handler
                0x0000000008001b28        0xe Core/Src/stm32f0xx_it.o
                0x0000000008001b28                SysTick_Handler
 *fill*         0x0000000008001b36        0x2 
 .text.EXTI2_3_IRQHandler
                0x0000000008001b38       0xd8 Core/Src/stm32f0xx_it.o
                0x0000000008001b38                EXTI2_3_IRQHandler
 .text.EXTI4_15_IRQHandler
                0x0000000008001c10      0x170 Core/Src/stm32f0xx_it.o
                0x0000000008001c10                EXTI4_15_IRQHandler
 .text.TIM3_IRQHandler
                0x0000000008001d80      0x148 Core/Src/stm32f0xx_it.o
                0x0000000008001d80                TIM3_IRQHandler
 .text.TIM6_IRQHandler
                0x0000000008001ec8      0x1a0 Core/Src/stm32f0xx_it.o
                0x0000000008001ec8                TIM6_IRQHandler
 .text.SystemInit
                0x0000000008002068        0xa Core/Src/system_stm32f0xx.o
                0x0000000008002068                SystemInit
 *fill*         0x0000000008002072        0x2 
 .text.Reset_Handler
                0x0000000008002074       0x50 Core/Startup/startup_stm32f030c8tx.o
                0x0000000008002074                Reset_Handler
 .text.Default_Handler
                0x00000000080020c4        0x2 Core/Startup/startup_stm32f030c8tx.o
                0x00000000080020c4                TIM1_CC_IRQHandler
                0x00000000080020c4                I2C1_IRQHandler
                0x00000000080020c4                SPI1_IRQHandler
                0x00000000080020c4                ADC1_IRQHandler
                0x00000000080020c4                I2C2_IRQHandler
                0x00000000080020c4                TIM17_IRQHandler
                0x00000000080020c4                RTC_IRQHandler
                0x00000000080020c4                TIM16_IRQHandler
                0x00000000080020c4                RCC_IRQHandler
                0x00000000080020c4                DMA1_Channel1_IRQHandler
                0x00000000080020c4                Default_Handler
                0x00000000080020c4                TIM14_IRQHandler
                0x00000000080020c4                DMA1_Channel4_5_IRQHandler
                0x00000000080020c4                TIM15_IRQHandler
                0x00000000080020c4                EXTI0_1_IRQHandler
                0x00000000080020c4                SPI2_IRQHandler
                0x00000000080020c4                WWDG_IRQHandler
                0x00000000080020c4                DMA1_Channel2_3_IRQHandler
                0x00000000080020c4                USART2_IRQHandler
                0x00000000080020c4                FLASH_IRQHandler
                0x00000000080020c4                USART1_IRQHandler
                0x00000000080020c4                TIM1_BRK_UP_TRG_COM_IRQHandler
 *fill*         0x00000000080020c6        0x2 
 .text.HAL_Init
                0x00000000080020c8       0x28 Drivers/STM32F0xx_HAL_Driver/Src/stm32f0xx_hal.o
                0x00000000080020c8                HAL_Init
 .text.HAL_InitTick
                0x00000000080020f0       0x68 Drivers/STM32F0xx_HAL_Driver/Src/stm32f0xx_hal.o
                0x00000000080020f0                HAL_InitTick
 .text.HAL_IncTick
                0x0000000008002158       0x24 Drivers/STM32F0xx_HAL_Driver/Src/stm32f0xx_hal.o
                0x0000000008002158                HAL_IncTick
 .text.HAL_GetTick
                0x000000000800217c       0x14 Drivers/STM32F0xx_HAL_Driver/Src/stm32f0xx_hal.o
                0x000000000800217c                HAL_GetTick
 .text.HAL_Delay
                0x0000000008002190       0x44 Drivers/STM32F0xx_HAL_Driver/Src/stm32f0xx_hal.o
                0x0000000008002190                HAL_Delay
 .text.__NVIC_EnableIRQ
                0x00000000080021d4       0x34 Drivers/STM32F0xx_HAL_Driver/Src/stm32f0xx_hal_cortex.o
 .text.__NVIC_SetPriority
                0x0000000008002208       0xdc Drivers/STM32F0xx_HAL_Driver/Src/stm32f0xx_hal_cortex.o
 .text.SysTick_Config
                0x00000000080022e4       0x48 Drivers/STM32F0xx_HAL_Driver/Src/stm32f0xx_hal_cortex.o
 .text.HAL_NVIC_SetPriority
                0x000000000800232c       0x2a Drivers/STM32F0xx_HAL_Driver/Src/stm32f0xx_hal_cortex.o
                0x000000000800232c                HAL_NVIC_SetPriority
 .text.HAL_NVIC_EnableIRQ
                0x0000000008002356       0x20 Drivers/STM32F0xx_HAL_Driver/Src/stm32f0xx_hal_cortex.o
                0x0000000008002356                HAL_NVIC_EnableIRQ
 .text.HAL_SYSTICK_Config
                0x0000000008002376       0x1a Drivers/STM32F0xx_HAL_Driver/Src/stm32f0xx_hal_cortex.o
                0x0000000008002376                HAL_SYSTICK_Config
 .text.HAL_FLASH_Program
                0x0000000008002390      0x12c Drivers/STM32F0xx_HAL_Driver/Src/stm32f0xx_hal_flash.o
                0x0000000008002390                HAL_FLASH_Program
 .text.HAL_FLASH_Unlock
                0x00000000080024bc       0x4c Drivers/STM32F0xx_HAL_Driver/Src/stm32f0xx_hal_flash.o
                0x00000000080024bc                HAL_FLASH_Unlock
 .text.HAL_FLASH_Lock
                0x0000000008002508       0x1c Drivers/STM32F0xx_HAL_Driver/Src/stm32f0xx_hal_flash.o
                0x0000000008002508                HAL_FLASH_Lock
 .text.FLASH_Program_HalfWord
                0x0000000008002524       0x38 Drivers/STM32F0xx_HAL_Driver/Src/stm32f0xx_hal_flash.o
 .text.FLASH_WaitForLastOperation
                0x000000000800255c       0x80 Drivers/STM32F0xx_HAL_Driver/Src/stm32f0xx_hal_flash.o
                0x000000000800255c                FLASH_WaitForLastOperation
 .text.FLASH_SetErrorCode
                0x00000000080025dc       0x60 Drivers/STM32F0xx_HAL_Driver/Src/stm32f0xx_hal_flash.o
 .text.HAL_FLASHEx_Erase
                0x000000000800263c       0xec Drivers/STM32F0xx_HAL_Driver/Src/stm32f0xx_hal_flash_ex.o
                0x000000000800263c                HAL_FLASHEx_Erase
 .text.FLASH_MassErase
                0x0000000008002728       0x30 Drivers/STM32F0xx_HAL_Driver/Src/stm32f0xx_hal_flash_ex.o
 .text.FLASH_PageErase
                0x0000000008002758       0x3c Drivers/STM32F0xx_HAL_Driver/Src/stm32f0xx_hal_flash_ex.o
                0x0000000008002758                FLASH_PageErase
 .text.HAL_GPIO_Init
                0x0000000008002794      0x2e0 Drivers/STM32F0xx_HAL_Driver/Src/stm32f0xx_hal_gpio.o
                0x0000000008002794                HAL_GPIO_Init
 .text.HAL_GPIO_ReadPin
                0x0000000008002a74       0x3a Drivers/STM32F0xx_HAL_Driver/Src/stm32f0xx_hal_gpio.o
                0x0000000008002a74                HAL_GPIO_ReadPin
 .text.HAL_GPIO_WritePin
                0x0000000008002aae       0x3a Drivers/STM32F0xx_HAL_Driver/Src/stm32f0xx_hal_gpio.o
                0x0000000008002aae                HAL_GPIO_WritePin
 .text.HAL_GPIO_EXTI_IRQHandler
                0x0000000008002ae8       0x38 Drivers/STM32F0xx_HAL_Driver/Src/stm32f0xx_hal_gpio.o
                0x0000000008002ae8                HAL_GPIO_EXTI_IRQHandler
 .text.HAL_GPIO_EXTI_Callback
                0x0000000008002b20       0x14 Drivers/STM32F0xx_HAL_Driver/Src/stm32f0xx_hal_gpio.o
                0x0000000008002b20                HAL_GPIO_EXTI_Callback
 .text.HAL_RCC_OscConfig
                0x0000000008002b34      0x638 Drivers/STM32F0xx_HAL_Driver/Src/stm32f0xx_hal_rcc.o
                0x0000000008002b34                HAL_RCC_OscConfig
 .text.HAL_RCC_ClockConfig
                0x000000000800316c      0x19c Drivers/STM32F0xx_HAL_Driver/Src/stm32f0xx_hal_rcc.o
                0x000000000800316c                HAL_RCC_ClockConfig
 .text.HAL_RCC_GetSysClockFreq
                0x0000000008003308       0xc8 Drivers/STM32F0xx_HAL_Driver/Src/stm32f0xx_hal_rcc.o
                0x0000000008003308                HAL_RCC_GetSysClockFreq
 .text.HAL_TIM_Base_Init
                0x00000000080033d0       0x58 Drivers/STM32F0xx_HAL_Driver/Src/stm32f0xx_hal_tim.o
                0x00000000080033d0                HAL_TIM_Base_Init
 .text.HAL_TIM_Base_Start_IT
                0x0000000008003428       0x44 Drivers/STM32F0xx_HAL_Driver/Src/stm32f0xx_hal_tim.o
                0x0000000008003428                HAL_TIM_Base_Start_IT
 .text.HAL_TIM_IRQHandler
                0x000000000800346c      0x22c Drivers/STM32F0xx_HAL_Driver/Src/stm32f0xx_hal_tim.o
                0x000000000800346c                HAL_TIM_IRQHandler
 .text.HAL_TIM_ConfigClockSource
                0x0000000008003698      0x17c Drivers/STM32F0xx_HAL_Driver/Src/stm32f0xx_hal_tim.o
                0x0000000008003698                HAL_TIM_ConfigClockSource
 .text.HAL_TIM_PeriodElapsedCallback
                0x0000000008003814       0x10 Drivers/STM32F0xx_HAL_Driver/Src/stm32f0xx_hal_tim.o
                0x0000000008003814                HAL_TIM_PeriodElapsedCallback
 .text.HAL_TIM_OC_DelayElapsedCallback
                0x0000000008003824       0x10 Drivers/STM32F0xx_HAL_Driver/Src/stm32f0xx_hal_tim.o
                0x0000000008003824                HAL_TIM_OC_DelayElapsedCallback
 .text.HAL_TIM_IC_CaptureCallback
                0x0000000008003834       0x10 Drivers/STM32F0xx_HAL_Driver/Src/stm32f0xx_hal_tim.o
                0x0000000008003834                HAL_TIM_IC_CaptureCallback
 .text.HAL_TIM_PWM_PulseFinishedCallback
                0x0000000008003844       0x10 Drivers/STM32F0xx_HAL_Driver/Src/stm32f0xx_hal_tim.o
                0x0000000008003844                HAL_TIM_PWM_PulseFinishedCallback
 .text.HAL_TIM_TriggerCallback
                0x0000000008003854       0x10 Drivers/STM32F0xx_HAL_Driver/Src/stm32f0xx_hal_tim.o
                0x0000000008003854                HAL_TIM_TriggerCallback
 .text.TIM_Base_SetConfig
                0x0000000008003864       0xec Drivers/STM32F0xx_HAL_Driver/Src/stm32f0xx_hal_tim.o
                0x0000000008003864                TIM_Base_SetConfig
 .text.TIM_TI1_ConfigInputStage
                0x0000000008003950       0x5c Drivers/STM32F0xx_HAL_Driver/Src/stm32f0xx_hal_tim.o
 .text.TIM_TI2_ConfigInputStage
                0x00000000080039ac       0x64 Drivers/STM32F0xx_HAL_Driver/Src/stm32f0xx_hal_tim.o
 .text.TIM_ITRx_SetConfig
                0x0000000008003a10       0x32 Drivers/STM32F0xx_HAL_Driver/Src/stm32f0xx_hal_tim.o
 *fill*         0x0000000008003a42        0x2 
 .text.TIM_ETR_SetConfig
                0x0000000008003a44       0x40 Drivers/STM32F0xx_HAL_Driver/Src/stm32f0xx_hal_tim.o
                0x0000000008003a44                TIM_ETR_SetConfig
 .text.HAL_TIMEx_MasterConfigSynchronization
                0x0000000008003a84       0xb0 Drivers/STM32F0xx_HAL_Driver/Src/stm32f0xx_hal_tim_ex.o
                0x0000000008003a84                HAL_TIMEx_MasterConfigSynchronization
 .text.HAL_TIMEx_CommutCallback
                0x0000000008003b34       0x10 Drivers/STM32F0xx_HAL_Driver/Src/stm32f0xx_hal_tim_ex.o
                0x0000000008003b34                HAL_TIMEx_CommutCallback
 .text.HAL_TIMEx_BreakCallback
                0x0000000008003b44       0x10 Drivers/STM32F0xx_HAL_Driver/Src/stm32f0xx_hal_tim_ex.o
                0x0000000008003b44                HAL_TIMEx_BreakCallback
 .text.__libc_init_array
                0x0000000008003b54       0x48 c:/st/stm32cubeide_1.3.0/stm32cubeide/plugins/com.st.stm32cube.ide.mcu.externaltools.gnu-tools-for-stm32.7-2018-q2-update.win32_1.0.0.201904181610/tools/bin/../lib/gcc/arm-none-eabi/7.3.1/../../../../arm-none-eabi/lib/thumb/v6-m\libc_nano.a(lib_a-init.o)
                0x0000000008003b54                __libc_init_array
 .text.memset   0x0000000008003b9c       0x10 c:/st/stm32cubeide_1.3.0/stm32cubeide/plugins/com.st.stm32cube.ide.mcu.externaltools.gnu-tools-for-stm32.7-2018-q2-update.win32_1.0.0.201904181610/tools/bin/../lib/gcc/arm-none-eabi/7.3.1/../../../../arm-none-eabi/lib/thumb/v6-m\libc_nano.a(lib_a-memset.o)
                0x0000000008003b9c                memset
 *(.glue_7)
 .glue_7        0x0000000008003bac        0x0 linker stubs
 *(.glue_7t)
 .glue_7t       0x0000000008003bac        0x0 linker stubs
 *(.eh_frame)
 .eh_frame      0x0000000008003bac        0x0 c:/st/stm32cubeide_1.3.0/stm32cubeide/plugins/com.st.stm32cube.ide.mcu.externaltools.gnu-tools-for-stm32.7-2018-q2-update.win32_1.0.0.201904181610/tools/bin/../lib/gcc/arm-none-eabi/7.3.1/thumb/v6-m/crtbegin.o
 *(.init)
 .init          0x0000000008003bac        0x4 c:/st/stm32cubeide_1.3.0/stm32cubeide/plugins/com.st.stm32cube.ide.mcu.externaltools.gnu-tools-for-stm32.7-2018-q2-update.win32_1.0.0.201904181610/tools/bin/../lib/gcc/arm-none-eabi/7.3.1/thumb/v6-m/crti.o
                0x0000000008003bac                _init
 .init          0x0000000008003bb0        0x8 c:/st/stm32cubeide_1.3.0/stm32cubeide/plugins/com.st.stm32cube.ide.mcu.externaltools.gnu-tools-for-stm32.7-2018-q2-update.win32_1.0.0.201904181610/tools/bin/../lib/gcc/arm-none-eabi/7.3.1/thumb/v6-m/crtn.o
 *(.fini)
 .fini          0x0000000008003bb8        0x4 c:/st/stm32cubeide_1.3.0/stm32cubeide/plugins/com.st.stm32cube.ide.mcu.externaltools.gnu-tools-for-stm32.7-2018-q2-update.win32_1.0.0.201904181610/tools/bin/../lib/gcc/arm-none-eabi/7.3.1/thumb/v6-m/crti.o
                0x0000000008003bb8                _fini
 .fini          0x0000000008003bbc        0x8 c:/st/stm32cubeide_1.3.0/stm32cubeide/plugins/com.st.stm32cube.ide.mcu.externaltools.gnu-tools-for-stm32.7-2018-q2-update.win32_1.0.0.201904181610/tools/bin/../lib/gcc/arm-none-eabi/7.3.1/thumb/v6-m/crtn.o
                0x0000000008003bc4                . = ALIGN (0x4)
                0x0000000008003bc4                _etext = .

.vfp11_veneer   0x0000000008003bc4        0x0
 .vfp11_veneer  0x0000000008003bc4        0x0 linker stubs

.v4_bx          0x0000000008003bc4        0x0
 .v4_bx         0x0000000008003bc4        0x0 linker stubs

.iplt           0x0000000008003bc4        0x0
 .iplt          0x0000000008003bc4        0x0 c:/st/stm32cubeide_1.3.0/stm32cubeide/plugins/com.st.stm32cube.ide.mcu.externaltools.gnu-tools-for-stm32.7-2018-q2-update.win32_1.0.0.201904181610/tools/bin/../lib/gcc/arm-none-eabi/7.3.1/thumb/v6-m/crtbegin.o

.rodata         0x0000000008003bc4       0x58
                0x0000000008003bc4                . = ALIGN (0x4)
 *(.rodata)
 .rodata        0x0000000008003bc4       0x20 Drivers/STM32F0xx_HAL_Driver/Src/stm32f0xx_hal_rcc.o
 *(.rodata*)
 .rodata.to_mess
                0x0000000008003be4       0x28 Core/Src/controller.o
 .rodata.AHBPrescTable
                0x0000000008003c0c       0x10 Core/Src/system_stm32f0xx.o
                0x0000000008003c0c                AHBPrescTable
                0x0000000008003c1c                . = ALIGN (0x4)

.rel.dyn        0x0000000008003c1c        0x0
 .rel.iplt      0x0000000008003c1c        0x0 c:/st/stm32cubeide_1.3.0/stm32cubeide/plugins/com.st.stm32cube.ide.mcu.externaltools.gnu-tools-for-stm32.7-2018-q2-update.win32_1.0.0.201904181610/tools/bin/../lib/gcc/arm-none-eabi/7.3.1/thumb/v6-m/crtbegin.o

.ARM.extab      0x0000000008003c1c        0x0
                0x0000000008003c1c                . = ALIGN (0x4)
 *(.ARM.extab* .gnu.linkonce.armextab.*)
                0x0000000008003c1c                . = ALIGN (0x4)

.ARM            0x0000000008003c1c        0x0
                0x0000000008003c1c                . = ALIGN (0x4)
                0x0000000008003c1c                __exidx_start = .
 *(.ARM.exidx*)
                0x0000000008003c1c                __exidx_end = .
                0x0000000008003c1c                . = ALIGN (0x4)

.preinit_array  0x0000000008003c1c        0x0
                0x0000000008003c1c                . = ALIGN (0x4)
                0x0000000008003c1c                PROVIDE (__preinit_array_start = .)
 *(.preinit_array*)
                0x0000000008003c1c                PROVIDE (__preinit_array_end = .)
                0x0000000008003c1c                . = ALIGN (0x4)

.init_array     0x0000000008003c1c        0x4
                0x0000000008003c1c                . = ALIGN (0x4)
                0x0000000008003c1c                PROVIDE (__init_array_start = .)
 *(SORT_BY_NAME(.init_array.*))
 *(.init_array*)
 .init_array    0x0000000008003c1c        0x4 c:/st/stm32cubeide_1.3.0/stm32cubeide/plugins/com.st.stm32cube.ide.mcu.externaltools.gnu-tools-for-stm32.7-2018-q2-update.win32_1.0.0.201904181610/tools/bin/../lib/gcc/arm-none-eabi/7.3.1/thumb/v6-m/crtbegin.o
                0x0000000008003c20                PROVIDE (__init_array_end = .)
                0x0000000008003c20                . = ALIGN (0x4)

.fini_array     0x0000000008003c20        0x4
                0x0000000008003c20                . = ALIGN (0x4)
                [!provide]                        PROVIDE (__fini_array_start = .)
 *(SORT_BY_NAME(.fini_array.*))
 *(.fini_array*)
 .fini_array    0x0000000008003c20        0x4 c:/st/stm32cubeide_1.3.0/stm32cubeide/plugins/com.st.stm32cube.ide.mcu.externaltools.gnu-tools-for-stm32.7-2018-q2-update.win32_1.0.0.201904181610/tools/bin/../lib/gcc/arm-none-eabi/7.3.1/thumb/v6-m/crtbegin.o
                [!provide]                        PROVIDE (__fini_array_end = .)
                0x0000000008003c24                . = ALIGN (0x4)
                0x0000000008003c24                _sidata = LOADADDR (.data)

.data           0x0000000020000000       0x9c load address 0x0000000008003c24
                0x0000000020000000                . = ALIGN (0x4)
                0x0000000020000000                _sdata = .
 *(.data)
 *(.data*)
 .data.Activate_LED7
                0x0000000020000000        0xc Core/Src/controller.o
                0x0000000020000000                Activate_LED7
 .data.Activate_Segment
                0x000000002000000c       0x1c Core/Src/controller.o
                0x000000002000000c                Activate_Segment
 .data.fan_led_port
                0x0000000020000028       0x28 Core/Src/main.o
                0x0000000020000028                fan_led_port
 .data.fan_led_pin
                0x0000000020000050       0x28 Core/Src/main.o
                0x0000000020000050                fan_led_pin
 .data.test     0x0000000020000078        0x3 Core/Src/main.o
                0x0000000020000078                test
 *fill*         0x000000002000007b        0x1 
 .data.out_time_Machine
                0x000000002000007c        0x3 Core/Src/main.o
                0x000000002000007c                out_time_Machine
 *fill*         0x000000002000007f        0x1 
 .data.out_time_PP
                0x0000000020000080        0x3 Core/Src/main.o
                0x0000000020000080                out_time_PP
 *fill*         0x0000000020000083        0x1 
 .data.out_time_ocb
                0x0000000020000084        0x3 Core/Src/main.o
                0x0000000020000084                out_time_ocb
 *fill*         0x0000000020000087        0x1 
 .data.out_time_cto
                0x0000000020000088        0x3 Core/Src/main.o
                0x0000000020000088                out_time_cto
 *fill*         0x000000002000008b        0x1 
 .data.out_time_ro
                0x000000002000008c        0x3 Core/Src/main.o
                0x000000002000008c                out_time_ro
 *fill*         0x000000002000008f        0x1 
 .data.SystemCoreClock
                0x0000000020000090        0x4 Core/Src/system_stm32f0xx.o
                0x0000000020000090                SystemCoreClock
 .data.uwTickPrio
                0x0000000020000094        0x4 Drivers/STM32F0xx_HAL_Driver/Src/stm32f0xx_hal.o
                0x0000000020000094                uwTickPrio
 .data.uwTickFreq
                0x0000000020000098        0x1 Drivers/STM32F0xx_HAL_Driver/Src/stm32f0xx_hal.o
                0x0000000020000098                uwTickFreq
                0x000000002000009c                . = ALIGN (0x4)
 *fill*         0x0000000020000099        0x3 
                0x000000002000009c                _edata = .

.igot.plt       0x000000002000009c        0x0 load address 0x0000000008003cc0
 .igot.plt      0x000000002000009c        0x0 c:/st/stm32cubeide_1.3.0/stm32cubeide/plugins/com.st.stm32cube.ide.mcu.externaltools.gnu-tools-for-stm32.7-2018-q2-update.win32_1.0.0.201904181610/tools/bin/../lib/gcc/arm-none-eabi/7.3.1/thumb/v6-m/crtbegin.o
                0x000000002000009c                . = ALIGN (0x4)

.bss            0x00000000200000a0      0x170 load address 0x0000000008003cc0
                0x00000000200000a0                _sbss = .
                0x00000000200000a0                __bss_start__ = _sbss
 *(.bss)
 .bss           0x00000000200000a0       0x1c c:/st/stm32cubeide_1.3.0/stm32cubeide/plugins/com.st.stm32cube.ide.mcu.externaltools.gnu-tools-for-stm32.7-2018-q2-update.win32_1.0.0.201904181610/tools/bin/../lib/gcc/arm-none-eabi/7.3.1/thumb/v6-m/crtbegin.o
 *(.bss*)
 .bss.fw_done.5955
                0x00000000200000bc        0x4 Core/Src/main.o
 .bss.counting.5954
                0x00000000200000c0        0x4 Core/Src/main.o
 .bss.led_fan_cnt
                0x00000000200000c4        0x4 Core/Src/stm32f0xx_it.o
 .bss.clr_button_cnt
                0x00000000200000c8        0x4 Core/Src/stm32f0xx_it.o
 .bss.ro_button_cnt
                0x00000000200000cc        0x4 Core/Src/stm32f0xx_it.o
 .bss.cto_button_cnt
                0x00000000200000d0        0x4 Core/Src/stm32f0xx_it.o
 .bss.pp1_button_cnt
                0x00000000200000d4        0x4 Core/Src/stm32f0xx_it.o
 .bss.ocb_button_cnt
                0x00000000200000d8        0x4 Core/Src/stm32f0xx_it.o
 .bss.pump_status_cnt
                0x00000000200000dc        0x4 Core/Src/stm32f0xx_it.o
 .bss.seven_segment_switch_cnt
                0x00000000200000e0        0x4 Core/Src/stm32f0xx_it.o
 .bss.display_cnt
                0x00000000200000e4        0x4 Core/Src/stm32f0xx_it.o
 .bss.out_time_machine_cnt
                0x00000000200000e8        0x4 Core/Src/stm32f0xx_it.o
 .bss.led_tank_full_cnt
                0x00000000200000ec        0x4 Core/Src/stm32f0xx_it.o
 .bss.OCB_Out_Time_Flag_off_cnt
                0x00000000200000f0        0x4 Core/Src/stm32f0xx_it.o
 .bss.PP_Out_Time_Flag_off_cnt
                0x00000000200000f4        0x4 Core/Src/stm32f0xx_it.o
 .bss.RO_Out_Time_Flag_off_cnt
                0x00000000200000f8        0x4 Core/Src/stm32f0xx_it.o
 .bss.CTO_Out_Time_Flag_off_cnt
                0x00000000200000fc        0x4 Core/Src/stm32f0xx_it.o
 .bss.water_low_Flag_off_cnt
                0x0000000020000100        0x4 Core/Src/stm32f0xx_it.o
 .bss.Machine_Out_Time_Flag_off_cnt
                0x0000000020000104        0x4 Core/Src/stm32f0xx_it.o
 .bss.erro_dislay_cnt
                0x0000000020000108        0x4 Core/Src/stm32f0xx_it.o
 .bss.watch_Dog_cnt
                0x000000002000010c        0x4 Core/Src/stm32f0xx_it.o
 .bss.write_Flash_cnt
                0x0000000020000110        0x4 Core/Src/stm32f0xx_it.o
 .bss.clr_button_trigger
                0x0000000020000114        0x1 Core/Src/stm32f0xx_it.o
 .bss.ro_button_trigger
                0x0000000020000115        0x1 Core/Src/stm32f0xx_it.o
 .bss.cto_button_trigger
                0x0000000020000116        0x1 Core/Src/stm32f0xx_it.o
 .bss.pp1_button_trigger
                0x0000000020000117        0x1 Core/Src/stm32f0xx_it.o
 .bss.ocb_button_trigger
                0x0000000020000118        0x1 Core/Src/stm32f0xx_it.o
 *(COMMON)
 COMMON         0x0000000020000119        0x5 Core/Src/controller.o
                0x0000000020000119                RO_Out_Time_Flag
                0x000000002000011a                CTO_Out_Time_Flag
                0x000000002000011b                PP_Out_Time_Flag
                0x000000002000011c                end_display_flag
                0x000000002000011d                OCB_Out_Time_Flag
 *fill*         0x000000002000011e        0x2 
 COMMON         0x0000000020000120       0xab Core/Src/main.o
                0x0000000020000120                OCB_time
                0x0000000020000124                dislay_status_erro_cnt
                0x0000000020000128                PP1_time_p
                0x000000002000012c                RO_time
                0x0000000020000130                CTO_time_p
                0x0000000020000134                htim3
                0x0000000020000174                write_data
                0x0000000020000178                PP1_time
                0x000000002000017c                htim6
                0x00000000200001bc                RO_time_p
                0x00000000200001c0                CTO_time
                0x00000000200001c4                Machine_time_run
                0x00000000200001c8                OCB_time_p
 COMMON         0x00000000200001cb       0x20 Core/Src/stm32f0xx_it.o
                0x00000000200001cb                pump_status_flag
                0x00000000200001cc                ocb_button_flag
                0x00000000200001cd                lock_end_dislay_flag
                0x00000000200001ce                dislay_erro_trigger
                0x00000000200001cf                RO_Out_Time_Trigger_off
                0x00000000200001d0                Write_Flash_flag
                0x00000000200001d1                led_fan_flag
                0x00000000200001d2                RO_Out_Time_Flag_off
                0x00000000200001d3                out_time_machine_flag
                0x00000000200001d4                ro_button_flag
                0x00000000200001d5                PP_Out_Time_Flag_off
                0x00000000200001d6                erro_dislay_trigger
                0x00000000200001d7                PP_Out_Time_Trigger_off
                0x00000000200001d8                led_tank_full_flag_off
                0x00000000200001d9                out_time_machine_trigger
                0x00000000200001da                clr_button_flag
                0x00000000200001db                Machine_Time_Trigger_off
                0x00000000200001dc                seven_segment_switch_flag
                0x00000000200001dd                CTO_Out_Time_Trigger_off
                0x00000000200001de                led_tank_full_flag
                0x00000000200001df                Water_low_trigger_off
                0x00000000200001e0                erro_dislay_flag_off
                0x00000000200001e1                OCB_Out_Time_Flag_off
                0x00000000200001e2                watch_Dog_Flag
                0x00000000200001e3                water_input_flag
                0x00000000200001e4                OCB_Out_Time_Trigger_off
                0x00000000200001e5                watch_Dog_Trigger
                0x00000000200001e6                Water_low_Flag_off
                0x00000000200001e7                Machine_Time_Flag_off
                0x00000000200001e8                CTO_Out_Time_Flag_off
                0x00000000200001e9                cto_button_flag
                0x00000000200001ea                pp1_button_flag
 *fill*         0x00000000200001eb        0x1 
 COMMON         0x00000000200001ec        0x4 Drivers/STM32F0xx_HAL_Driver/Src/stm32f0xx_hal.o
                0x00000000200001ec                uwTick
 COMMON         0x00000000200001f0       0x20 Drivers/STM32F0xx_HAL_Driver/Src/stm32f0xx_hal_flash.o
                0x00000000200001f0                pFlash
                0x0000000020000210                . = ALIGN (0x4)
                0x0000000020000210                _ebss = .
                0x0000000020000210                __bss_end__ = _ebss

._user_heap_stack
                0x0000000020000210      0x600 load address 0x0000000008003cc0
                0x0000000020000210                . = ALIGN (0x8)
                0x0000000020000210                PROVIDE (end = .)
                [!provide]                        PROVIDE (_end = .)
                0x0000000020000410                . = (. + _Min_Heap_Size)
 *fill*         0x0000000020000210      0x200 
                0x0000000020000810                . = (. + _Min_Stack_Size)
 *fill*         0x0000000020000410      0x400 
                0x0000000020000810                . = ALIGN (0x8)

/DISCARD/
 libc.a(*)
 libm.a(*)
 libgcc.a(*)

.ARM.attributes
                0x0000000000000000       0x28
 *(.ARM.attributes)
 .ARM.attributes
                0x0000000000000000       0x1e c:/st/stm32cubeide_1.3.0/stm32cubeide/plugins/com.st.stm32cube.ide.mcu.externaltools.gnu-tools-for-stm32.7-2018-q2-update.win32_1.0.0.201904181610/tools/bin/../lib/gcc/arm-none-eabi/7.3.1/thumb/v6-m/crti.o
 .ARM.attributes
                0x000000000000001e       0x2c c:/st/stm32cubeide_1.3.0/stm32cubeide/plugins/com.st.stm32cube.ide.mcu.externaltools.gnu-tools-for-stm32.7-2018-q2-update.win32_1.0.0.201904181610/tools/bin/../lib/gcc/arm-none-eabi/7.3.1/thumb/v6-m/crtbegin.o
 .ARM.attributes
                0x000000000000004a       0x31 Core/Src/controller.o
 .ARM.attributes
                0x000000000000007b       0x31 Core/Src/main.o
 .ARM.attributes
                0x00000000000000ac       0x31 Core/Src/stm32f0xx_hal_msp.o
 .ARM.attributes
                0x00000000000000dd       0x31 Core/Src/stm32f0xx_it.o
 .ARM.attributes
                0x000000000000010e       0x31 Core/Src/system_stm32f0xx.o
 .ARM.attributes
                0x000000000000013f       0x21 Core/Startup/startup_stm32f030c8tx.o
 .ARM.attributes
                0x0000000000000160       0x31 Drivers/STM32F0xx_HAL_Driver/Src/stm32f0xx_hal.o
 .ARM.attributes
                0x0000000000000191       0x31 Drivers/STM32F0xx_HAL_Driver/Src/stm32f0xx_hal_cortex.o
 .ARM.attributes
                0x00000000000001c2       0x31 Drivers/STM32F0xx_HAL_Driver/Src/stm32f0xx_hal_flash.o
 .ARM.attributes
                0x00000000000001f3       0x31 Drivers/STM32F0xx_HAL_Driver/Src/stm32f0xx_hal_flash_ex.o
 .ARM.attributes
                0x0000000000000224       0x31 Drivers/STM32F0xx_HAL_Driver/Src/stm32f0xx_hal_gpio.o
 .ARM.attributes
                0x0000000000000255       0x31 Drivers/STM32F0xx_HAL_Driver/Src/stm32f0xx_hal_rcc.o
 .ARM.attributes
                0x0000000000000286       0x31 Drivers/STM32F0xx_HAL_Driver/Src/stm32f0xx_hal_tim.o
 .ARM.attributes
                0x00000000000002b7       0x31 Drivers/STM32F0xx_HAL_Driver/Src/stm32f0xx_hal_tim_ex.o
 .ARM.attributes
                0x00000000000002e8       0x2c c:/st/stm32cubeide_1.3.0/stm32cubeide/plugins/com.st.stm32cube.ide.mcu.externaltools.gnu-tools-for-stm32.7-2018-q2-update.win32_1.0.0.201904181610/tools/bin/../lib/gcc/arm-none-eabi/7.3.1/../../../../arm-none-eabi/lib/thumb/v6-m\libc_nano.a(lib_a-init.o)
 .ARM.attributes
                0x0000000000000314       0x2c c:/st/stm32cubeide_1.3.0/stm32cubeide/plugins/com.st.stm32cube.ide.mcu.externaltools.gnu-tools-for-stm32.7-2018-q2-update.win32_1.0.0.201904181610/tools/bin/../lib/gcc/arm-none-eabi/7.3.1/../../../../arm-none-eabi/lib/thumb/v6-m\libc_nano.a(lib_a-memset.o)
 .ARM.attributes
                0x0000000000000340       0x1e c:/st/stm32cubeide_1.3.0/stm32cubeide/plugins/com.st.stm32cube.ide.mcu.externaltools.gnu-tools-for-stm32.7-2018-q2-update.win32_1.0.0.201904181610/tools/bin/../lib/gcc/arm-none-eabi/7.3.1/thumb/v6-m\libgcc.a(_udivsi3.o)
 .ARM.attributes
                0x000000000000035e       0x1e c:/st/stm32cubeide_1.3.0/stm32cubeide/plugins/com.st.stm32cube.ide.mcu.externaltools.gnu-tools-for-stm32.7-2018-q2-update.win32_1.0.0.201904181610/tools/bin/../lib/gcc/arm-none-eabi/7.3.1/thumb/v6-m\libgcc.a(_divsi3.o)
 .ARM.attributes
                0x000000000000037c       0x1e c:/st/stm32cubeide_1.3.0/stm32cubeide/plugins/com.st.stm32cube.ide.mcu.externaltools.gnu-tools-for-stm32.7-2018-q2-update.win32_1.0.0.201904181610/tools/bin/../lib/gcc/arm-none-eabi/7.3.1/thumb/v6-m\libgcc.a(_dvmd_tls.o)
 .ARM.attributes
                0x000000000000039a       0x1e c:/st/stm32cubeide_1.3.0/stm32cubeide/plugins/com.st.stm32cube.ide.mcu.externaltools.gnu-tools-for-stm32.7-2018-q2-update.win32_1.0.0.201904181610/tools/bin/../lib/gcc/arm-none-eabi/7.3.1/thumb/v6-m/crtn.o
OUTPUT(test.elf elf32-littlearm)

.debug_info     0x0000000000000000     0x8c49
 .debug_info    0x0000000000000000      0x641 Core/Src/controller.o
 .debug_info    0x0000000000000641      0xf81 Core/Src/main.o
 .debug_info    0x00000000000015c2      0x81a Core/Src/stm32f0xx_hal_msp.o
 .debug_info    0x0000000000001ddc      0xc7f Core/Src/stm32f0xx_it.o
 .debug_info    0x0000000000002a5b      0x29e Core/Src/system_stm32f0xx.o
 .debug_info    0x0000000000002cf9       0x22 Core/Startup/startup_stm32f030c8tx.o
 .debug_info    0x0000000000002d1b      0x685 Drivers/STM32F0xx_HAL_Driver/Src/stm32f0xx_hal.o
 .debug_info    0x00000000000033a0      0x762 Drivers/STM32F0xx_HAL_Driver/Src/stm32f0xx_hal_cortex.o
 .debug_info    0x0000000000003b02      0x574 Drivers/STM32F0xx_HAL_Driver/Src/stm32f0xx_hal_flash.o
 .debug_info    0x0000000000004076      0x75c Drivers/STM32F0xx_HAL_Driver/Src/stm32f0xx_hal_flash_ex.o
 .debug_info    0x00000000000047d2      0x665 Drivers/STM32F0xx_HAL_Driver/Src/stm32f0xx_hal_gpio.o
 .debug_info    0x0000000000004e37      0x80a Drivers/STM32F0xx_HAL_Driver/Src/stm32f0xx_hal_rcc.o
 .debug_info    0x0000000000005641     0x2522 Drivers/STM32F0xx_HAL_Driver/Src/stm32f0xx_hal_tim.o
 .debug_info    0x0000000000007b63     0x10e6 Drivers/STM32F0xx_HAL_Driver/Src/stm32f0xx_hal_tim_ex.o

.debug_abbrev   0x0000000000000000     0x1950
 .debug_abbrev  0x0000000000000000      0x1a2 Core/Src/controller.o
 .debug_abbrev  0x00000000000001a2      0x245 Core/Src/main.o
 .debug_abbrev  0x00000000000003e7      0x1a6 Core/Src/stm32f0xx_hal_msp.o
 .debug_abbrev  0x000000000000058d      0x1f1 Core/Src/stm32f0xx_it.o
 .debug_abbrev  0x000000000000077e      0x12b Core/Src/system_stm32f0xx.o
 .debug_abbrev  0x00000000000008a9       0x12 Core/Startup/startup_stm32f030c8tx.o
 .debug_abbrev  0x00000000000008bb      0x1f2 Drivers/STM32F0xx_HAL_Driver/Src/stm32f0xx_hal.o
 .debug_abbrev  0x0000000000000aad      0x273 Drivers/STM32F0xx_HAL_Driver/Src/stm32f0xx_hal_cortex.o
 .debug_abbrev  0x0000000000000d20      0x205 Drivers/STM32F0xx_HAL_Driver/Src/stm32f0xx_hal_flash.o
 .debug_abbrev  0x0000000000000f25      0x1f0 Drivers/STM32F0xx_HAL_Driver/Src/stm32f0xx_hal_flash_ex.o
 .debug_abbrev  0x0000000000001115      0x1c0 Drivers/STM32F0xx_HAL_Driver/Src/stm32f0xx_hal_gpio.o
 .debug_abbrev  0x00000000000012d5      0x20f Drivers/STM32F0xx_HAL_Driver/Src/stm32f0xx_hal_rcc.o
 .debug_abbrev  0x00000000000014e4      0x23f Drivers/STM32F0xx_HAL_Driver/Src/stm32f0xx_hal_tim.o
 .debug_abbrev  0x0000000000001723      0x22d Drivers/STM32F0xx_HAL_Driver/Src/stm32f0xx_hal_tim_ex.o

.debug_aranges  0x0000000000000000      0xaa8
 .debug_aranges
                0x0000000000000000       0x98 Core/Src/controller.o
 .debug_aranges
                0x0000000000000098       0x90 Core/Src/main.o
 .debug_aranges
                0x0000000000000128       0x30 Core/Src/stm32f0xx_hal_msp.o
 .debug_aranges
                0x0000000000000158       0x70 Core/Src/stm32f0xx_it.o
 .debug_aranges
                0x00000000000001c8       0x28 Core/Src/system_stm32f0xx.o
 .debug_aranges
                0x00000000000001f0       0x28 Core/Startup/startup_stm32f030c8tx.o
 .debug_aranges
                0x0000000000000218       0xd0 Drivers/STM32F0xx_HAL_Driver/Src/stm32f0xx_hal.o
 .debug_aranges
                0x00000000000002e8       0xc0 Drivers/STM32F0xx_HAL_Driver/Src/stm32f0xx_hal_cortex.o
 .debug_aranges
                0x00000000000003a8       0x88 Drivers/STM32F0xx_HAL_Driver/Src/stm32f0xx_hal_flash.o
 .debug_aranges
                0x0000000000000430       0x98 Drivers/STM32F0xx_HAL_Driver/Src/stm32f0xx_hal_flash_ex.o
 .debug_aranges
                0x00000000000004c8       0x58 Drivers/STM32F0xx_HAL_Driver/Src/stm32f0xx_hal_gpio.o
 .debug_aranges
                0x0000000000000520       0x80 Drivers/STM32F0xx_HAL_Driver/Src/stm32f0xx_hal_rcc.o
 .debug_aranges
                0x00000000000005a0      0x3b8 Drivers/STM32F0xx_HAL_Driver/Src/stm32f0xx_hal_tim.o
 .debug_aranges
                0x0000000000000958      0x150 Drivers/STM32F0xx_HAL_Driver/Src/stm32f0xx_hal_tim_ex.o

.debug_ranges   0x0000000000000000      0x9d0
 .debug_ranges  0x0000000000000000       0x88 Core/Src/controller.o
 .debug_ranges  0x0000000000000088       0x80 Core/Src/main.o
 .debug_ranges  0x0000000000000108       0x20 Core/Src/stm32f0xx_hal_msp.o
 .debug_ranges  0x0000000000000128       0x60 Core/Src/stm32f0xx_it.o
 .debug_ranges  0x0000000000000188       0x18 Core/Src/system_stm32f0xx.o
 .debug_ranges  0x00000000000001a0       0x20 Core/Startup/startup_stm32f030c8tx.o
 .debug_ranges  0x00000000000001c0       0xc0 Drivers/STM32F0xx_HAL_Driver/Src/stm32f0xx_hal.o
 .debug_ranges  0x0000000000000280       0xb0 Drivers/STM32F0xx_HAL_Driver/Src/stm32f0xx_hal_cortex.o
 .debug_ranges  0x0000000000000330       0x78 Drivers/STM32F0xx_HAL_Driver/Src/stm32f0xx_hal_flash.o
 .debug_ranges  0x00000000000003a8       0x88 Drivers/STM32F0xx_HAL_Driver/Src/stm32f0xx_hal_flash_ex.o
 .debug_ranges  0x0000000000000430       0x48 Drivers/STM32F0xx_HAL_Driver/Src/stm32f0xx_hal_gpio.o
 .debug_ranges  0x0000000000000478       0x70 Drivers/STM32F0xx_HAL_Driver/Src/stm32f0xx_hal_rcc.o
 .debug_ranges  0x00000000000004e8      0x3a8 Drivers/STM32F0xx_HAL_Driver/Src/stm32f0xx_hal_tim.o
 .debug_ranges  0x0000000000000890      0x140 Drivers/STM32F0xx_HAL_Driver/Src/stm32f0xx_hal_tim_ex.o

.debug_macro    0x0000000000000000     0xbe94
 .debug_macro   0x0000000000000000      0x1b7 Core/Src/controller.o
 .debug_macro   0x00000000000001b7      0xa48 Core/Src/controller.o
 .debug_macro   0x0000000000000bff      0x12d Core/Src/controller.o
 .debug_macro   0x0000000000000d2c       0x2e Core/Src/controller.o
 .debug_macro   0x0000000000000d5a       0x22 Core/Src/controller.o
 .debug_macro   0x0000000000000d7c       0x22 Core/Src/controller.o
 .debug_macro   0x0000000000000d9e       0x8e Core/Src/controller.o
 .debug_macro   0x0000000000000e2c       0x51 Core/Src/controller.o
 .debug_macro   0x0000000000000e7d       0xef Core/Src/controller.o
 .debug_macro   0x0000000000000f6c       0x6a Core/Src/controller.o
 .debug_macro   0x0000000000000fd6      0x1df Core/Src/controller.o
 .debug_macro   0x00000000000011b5       0x1c Core/Src/controller.o
 .debug_macro   0x00000000000011d1       0x22 Core/Src/controller.o
 .debug_macro   0x00000000000011f3       0xb5 Core/Src/controller.o
 .debug_macro   0x00000000000012a8      0x391 Core/Src/controller.o
 .debug_macro   0x0000000000001639     0x6f39 Core/Src/controller.o
 .debug_macro   0x0000000000008572       0x3c Core/Src/controller.o
 .debug_macro   0x00000000000085ae      0x174 Core/Src/controller.o
 .debug_macro   0x0000000000008722       0x53 Core/Src/controller.o
 .debug_macro   0x0000000000008775      0x924 Core/Src/controller.o
 .debug_macro   0x0000000000009099      0x17f Core/Src/controller.o
 .debug_macro   0x0000000000009218      0x12f Core/Src/controller.o
 .debug_macro   0x0000000000009347       0xd9 Core/Src/controller.o
 .debug_macro   0x0000000000009420      0x1a0 Core/Src/controller.o
 .debug_macro   0x00000000000095c0      0x1ed Core/Src/controller.o
 .debug_macro   0x00000000000097ad       0x34 Core/Src/controller.o
 .debug_macro   0x00000000000097e1       0x43 Core/Src/controller.o
 .debug_macro   0x0000000000009824       0x28 Core/Src/controller.o
 .debug_macro   0x000000000000984c       0xb0 Core/Src/controller.o
 .debug_macro   0x00000000000098fc      0x199 Core/Src/controller.o
 .debug_macro   0x0000000000009a95      0x22c Core/Src/controller.o
 .debug_macro   0x0000000000009cc1       0x5f Core/Src/controller.o
 .debug_macro   0x0000000000009d20       0xa5 Core/Src/controller.o
 .debug_macro   0x0000000000009dc5       0x4c Core/Src/controller.o
 .debug_macro   0x0000000000009e11       0x2b Core/Src/controller.o
 .debug_macro   0x0000000000009e3c      0x8ae Core/Src/controller.o
 .debug_macro   0x000000000000a6ea       0x28 Core/Src/controller.o
 .debug_macro   0x000000000000a712       0xff Core/Src/controller.o
 .debug_macro   0x000000000000a811      0x20e Core/Src/controller.o
 .debug_macro   0x000000000000aa1f      0x1c1 Core/Src/main.o
 .debug_macro   0x000000000000abe0      0x1ae Core/Src/stm32f0xx_hal_msp.o
 .debug_macro   0x000000000000ad8e      0x1c1 Core/Src/stm32f0xx_it.o
 .debug_macro   0x000000000000af4f      0x1a4 Core/Src/system_stm32f0xx.o
 .debug_macro   0x000000000000b0f3      0x1c8 Drivers/STM32F0xx_HAL_Driver/Src/stm32f0xx_hal.o
 .debug_macro   0x000000000000b2bb      0x1a4 Drivers/STM32F0xx_HAL_Driver/Src/stm32f0xx_hal_cortex.o
 .debug_macro   0x000000000000b45f      0x1a4 Drivers/STM32F0xx_HAL_Driver/Src/stm32f0xx_hal_flash.o
 .debug_macro   0x000000000000b603      0x1b6 Drivers/STM32F0xx_HAL_Driver/Src/stm32f0xx_hal_flash_ex.o
 .debug_macro   0x000000000000b7b9      0x1dc Drivers/STM32F0xx_HAL_Driver/Src/stm32f0xx_hal_gpio.o
 .debug_macro   0x000000000000b995      0x1b6 Drivers/STM32F0xx_HAL_Driver/Src/stm32f0xx_hal_rcc.o
 .debug_macro   0x000000000000bb4b      0x1a5 Drivers/STM32F0xx_HAL_Driver/Src/stm32f0xx_hal_tim.o
 .debug_macro   0x000000000000bcf0      0x1a4 Drivers/STM32F0xx_HAL_Driver/Src/stm32f0xx_hal_tim_ex.o

.debug_line     0x0000000000000000     0x804e
 .debug_line    0x0000000000000000      0x7dc Core/Src/controller.o
 .debug_line    0x00000000000007dc      0xa6b Core/Src/main.o
 .debug_line    0x0000000000001247      0x6a3 Core/Src/stm32f0xx_hal_msp.o
 .debug_line    0x00000000000018ea      0x7ee Core/Src/stm32f0xx_it.o
 .debug_line    0x00000000000020d8      0x683 Core/Src/system_stm32f0xx.o
 .debug_line    0x000000000000275b       0x89 Core/Startup/startup_stm32f030c8tx.o
 .debug_line    0x00000000000027e4      0x81f Drivers/STM32F0xx_HAL_Driver/Src/stm32f0xx_hal.o
 .debug_line    0x0000000000003003      0x837 Drivers/STM32F0xx_HAL_Driver/Src/stm32f0xx_hal_cortex.o
 .debug_line    0x000000000000383a      0x829 Drivers/STM32F0xx_HAL_Driver/Src/stm32f0xx_hal_flash.o
 .debug_line    0x0000000000004063      0x87f Drivers/STM32F0xx_HAL_Driver/Src/stm32f0xx_hal_flash_ex.o
 .debug_line    0x00000000000048e2      0x7e4 Drivers/STM32F0xx_HAL_Driver/Src/stm32f0xx_hal_gpio.o
 .debug_line    0x00000000000050c6      0x8e0 Drivers/STM32F0xx_HAL_Driver/Src/stm32f0xx_hal_rcc.o
 .debug_line    0x00000000000059a6     0x1a42 Drivers/STM32F0xx_HAL_Driver/Src/stm32f0xx_hal_tim.o
 .debug_line    0x00000000000073e8      0xc66 Drivers/STM32F0xx_HAL_Driver/Src/stm32f0xx_hal_tim_ex.o

.debug_str      0x0000000000000000    0x451ca
 .debug_str     0x0000000000000000    0x42094 Core/Src/controller.o
                                      0x4229b (size before relaxing)
 .debug_str     0x0000000000042094      0xb17 Core/Src/main.o
                                      0x42c9d (size before relaxing)
 .debug_str     0x0000000000042bab       0x62 Core/Src/stm32f0xx_hal_msp.o
                                      0x41ecd (size before relaxing)
 .debug_str     0x0000000000042c0d      0x296 Core/Src/stm32f0xx_it.o
                                      0x42981 (size before relaxing)
 .debug_str     0x0000000000042ea3       0x5f Core/Src/system_stm32f0xx.o
                                      0x41986 (size before relaxing)
 .debug_str     0x0000000000042f02       0x36 Core/Startup/startup_stm32f030c8tx.o
                                         0x5d (size before relaxing)
 .debug_str     0x0000000000042f38      0x39c Drivers/STM32F0xx_HAL_Driver/Src/stm32f0xx_hal.o
                                      0x41e92 (size before relaxing)
 .debug_str     0x00000000000432d4      0x220 Drivers/STM32F0xx_HAL_Driver/Src/stm32f0xx_hal_cortex.o
                                      0x41d46 (size before relaxing)
 .debug_str     0x00000000000434f4      0x294 Drivers/STM32F0xx_HAL_Driver/Src/stm32f0xx_hal_flash.o
                                      0x41c41 (size before relaxing)
 .debug_str     0x0000000000043788      0x2da Drivers/STM32F0xx_HAL_Driver/Src/stm32f0xx_hal_flash_ex.o
                                      0x41da3 (size before relaxing)
 .debug_str     0x0000000000043a62      0x213 Drivers/STM32F0xx_HAL_Driver/Src/stm32f0xx_hal_gpio.o
                                      0x41c22 (size before relaxing)
 .debug_str     0x0000000000043c75      0x249 Drivers/STM32F0xx_HAL_Driver/Src/stm32f0xx_hal_rcc.o
                                      0x41d90 (size before relaxing)
 .debug_str     0x0000000000043ebe      0xddd Drivers/STM32F0xx_HAL_Driver/Src/stm32f0xx_hal_tim.o
                                      0x42b7f (size before relaxing)
 .debug_str     0x0000000000044c9b      0x52f Drivers/STM32F0xx_HAL_Driver/Src/stm32f0xx_hal_tim_ex.o
                                      0x42333 (size before relaxing)

.comment        0x0000000000000000       0x7b
 .comment       0x0000000000000000       0x7b Core/Src/controller.o
                                         0x7c (size before relaxing)
 .comment       0x000000000000007b       0x7c Core/Src/main.o
 .comment       0x000000000000007b       0x7c Core/Src/stm32f0xx_hal_msp.o
 .comment       0x000000000000007b       0x7c Core/Src/stm32f0xx_it.o
 .comment       0x000000000000007b       0x7c Core/Src/system_stm32f0xx.o
 .comment       0x000000000000007b       0x7c Drivers/STM32F0xx_HAL_Driver/Src/stm32f0xx_hal.o
 .comment       0x000000000000007b       0x7c Drivers/STM32F0xx_HAL_Driver/Src/stm32f0xx_hal_cortex.o
 .comment       0x000000000000007b       0x7c Drivers/STM32F0xx_HAL_Driver/Src/stm32f0xx_hal_flash.o
 .comment       0x000000000000007b       0x7c Drivers/STM32F0xx_HAL_Driver/Src/stm32f0xx_hal_flash_ex.o
 .comment       0x000000000000007b       0x7c Drivers/STM32F0xx_HAL_Driver/Src/stm32f0xx_hal_gpio.o
 .comment       0x000000000000007b       0x7c Drivers/STM32F0xx_HAL_Driver/Src/stm32f0xx_hal_rcc.o
 .comment       0x000000000000007b       0x7c Drivers/STM32F0xx_HAL_Driver/Src/stm32f0xx_hal_tim.o
 .comment       0x000000000000007b       0x7c Drivers/STM32F0xx_HAL_Driver/Src/stm32f0xx_hal_tim_ex.o

.debug_frame    0x0000000000000000     0x25b8
 .debug_frame   0x0000000000000000      0x208 Core/Src/controller.o
 .debug_frame   0x0000000000000208      0x1c8 Core/Src/main.o
 .debug_frame   0x00000000000003d0       0x70 Core/Src/stm32f0xx_hal_msp.o
 .debug_frame   0x0000000000000440      0x150 Core/Src/stm32f0xx_it.o
 .debug_frame   0x0000000000000590       0x4c Core/Src/system_stm32f0xx.o
 .debug_frame   0x00000000000005dc      0x2a4 Drivers/STM32F0xx_HAL_Driver/Src/stm32f0xx_hal.o
 .debug_frame   0x0000000000000880      0x2a0 Drivers/STM32F0xx_HAL_Driver/Src/stm32f0xx_hal_cortex.o
 .debug_frame   0x0000000000000b20      0x1c4 Drivers/STM32F0xx_HAL_Driver/Src/stm32f0xx_hal_flash.o
 .debug_frame   0x0000000000000ce4      0x220 Drivers/STM32F0xx_HAL_Driver/Src/stm32f0xx_hal_flash_ex.o
 .debug_frame   0x0000000000000f04      0x110 Drivers/STM32F0xx_HAL_Driver/Src/stm32f0xx_hal_gpio.o
 .debug_frame   0x0000000000001014      0x198 Drivers/STM32F0xx_HAL_Driver/Src/stm32f0xx_hal_rcc.o
 .debug_frame   0x00000000000011ac      0xe90 Drivers/STM32F0xx_HAL_Driver/Src/stm32f0xx_hal_tim.o
 .debug_frame   0x000000000000203c      0x4f0 Drivers/STM32F0xx_HAL_Driver/Src/stm32f0xx_hal_tim_ex.o
 .debug_frame   0x000000000000252c       0x2c c:/st/stm32cubeide_1.3.0/stm32cubeide/plugins/com.st.stm32cube.ide.mcu.externaltools.gnu-tools-for-stm32.7-2018-q2-update.win32_1.0.0.201904181610/tools/bin/../lib/gcc/arm-none-eabi/7.3.1/../../../../arm-none-eabi/lib/thumb/v6-m\libc_nano.a(lib_a-init.o)
 .debug_frame   0x0000000000002558       0x20 c:/st/stm32cubeide_1.3.0/stm32cubeide/plugins/com.st.stm32cube.ide.mcu.externaltools.gnu-tools-for-stm32.7-2018-q2-update.win32_1.0.0.201904181610/tools/bin/../lib/gcc/arm-none-eabi/7.3.1/../../../../arm-none-eabi/lib/thumb/v6-m\libc_nano.a(lib_a-memset.o)
 .debug_frame   0x0000000000002578       0x20 c:/st/stm32cubeide_1.3.0/stm32cubeide/plugins/com.st.stm32cube.ide.mcu.externaltools.gnu-tools-for-stm32.7-2018-q2-update.win32_1.0.0.201904181610/tools/bin/../lib/gcc/arm-none-eabi/7.3.1/thumb/v6-m\libgcc.a(_udivsi3.o)
 .debug_frame   0x0000000000002598       0x20 c:/st/stm32cubeide_1.3.0/stm32cubeide/plugins/com.st.stm32cube.ide.mcu.externaltools.gnu-tools-for-stm32.7-2018-q2-update.win32_1.0.0.201904181610/tools/bin/../lib/gcc/arm-none-eabi/7.3.1/thumb/v6-m\libgcc.a(_divsi3.o)
