controller.c:14:6:time_to_array	32	static
controller.c:21:9:to_mess	24	static
controller.c:58:6:increase_time	16	static
controller.c:87:6:Ghi_data	72	static
controller.c:103:10:read_Flash	24	static
controller.c:126:6:Controller_Display_Mess	40	static
controller.c:160:6:Activate_LED7_1	8	static
controller.c:165:6:Activate_LED7_2	8	static
controller.c:171:6:Activate_LED7_3	8	static
controller.c:177:6:Activate_Segment_A	16	static
controller.c:180:6:Activate_Segment_B	16	static
controller.c:183:6:Activate_Segment_C	16	static
controller.c:186:6:Activate_Segment_D	16	static
controller.c:189:6:Activate_Segment_E	16	static
controller.c:192:6:Activate_Segment_F	16	static
controller.c:195:6:Activate_Segment_G	16	static
