controller.c:11:6:time_to_array	32	static
controller.c:18:9:to_mess	24	static
controller.c:55:6:increase_time	16	static
controller.c:84:6:Ghi_data	72	static
controller.c:100:10:read_Flash	24	static
controller.c:123:6:Controller_Display_Mess	40	static
controller.c:157:6:Activate_LED7_1	8	static
controller.c:162:6:Activate_LED7_2	8	static
controller.c:168:6:Activate_LED7_3	8	static
controller.c:174:6:Activate_Segment_A	16	static
controller.c:177:6:Activate_Segment_B	16	static
controller.c:180:6:Activate_Segment_C	16	static
controller.c:183:6:Activate_Segment_D	16	static
controller.c:186:6:Activate_Segment_E	16	static
controller.c:189:6:Activate_Segment_F	16	static
controller.c:192:6:Activate_Segment_G	16	static
